Archive member included to satisfy reference by file (symbol)

../Assignment2_bsp/\libhal_bsp.a(alt_load.o)
                              ../Assignment2_bsp//obj/HAL/src/crt0.o (alt_load)
../Assignment2_bsp/\libhal_bsp.a(alt_main.o)
                              ../Assignment2_bsp//obj/HAL/src/crt0.o (alt_main)
../Assignment2_bsp/\libhal_bsp.a(alt_sys_init.o)
                              ../Assignment2_bsp/\libhal_bsp.a(alt_main.o) (alt_irq_init)
../Assignment2_bsp/\libhal_bsp.a(altera_avalon_jtag_uart_fd.o)
                              ../Assignment2_bsp/\libhal_bsp.a(alt_sys_init.o) (altera_avalon_jtag_uart_read_fd)
../Assignment2_bsp/\libhal_bsp.a(altera_avalon_jtag_uart_init.o)
                              ../Assignment2_bsp/\libhal_bsp.a(alt_sys_init.o) (altera_avalon_jtag_uart_init)
../Assignment2_bsp/\libhal_bsp.a(altera_avalon_jtag_uart_ioctl.o)
                              ../Assignment2_bsp/\libhal_bsp.a(altera_avalon_jtag_uart_fd.o) (altera_avalon_jtag_uart_ioctl)
../Assignment2_bsp/\libhal_bsp.a(altera_avalon_jtag_uart_read.o)
                              ../Assignment2_bsp/\libhal_bsp.a(altera_avalon_jtag_uart_fd.o) (altera_avalon_jtag_uart_read)
../Assignment2_bsp/\libhal_bsp.a(altera_avalon_jtag_uart_write.o)
                              ../Assignment2_bsp/\libhal_bsp.a(altera_avalon_jtag_uart_fd.o) (altera_avalon_jtag_uart_write)
../Assignment2_bsp/\libhal_bsp.a(altera_avalon_lcd_16207.o)
                              ../Assignment2_bsp/\libhal_bsp.a(alt_sys_init.o) (altera_avalon_lcd_16207_init)
../Assignment2_bsp/\libhal_bsp.a(altera_avalon_lcd_16207_fd.o)
                              ../Assignment2_bsp/\libhal_bsp.a(alt_sys_init.o) (altera_avalon_lcd_16207_write_fd)
../Assignment2_bsp/\libhal_bsp.a(altera_avalon_timer_sc.o)
                              ../Assignment2_bsp/\libhal_bsp.a(alt_sys_init.o) (alt_avalon_timer_sc_init)
../Assignment2_bsp/\libhal_bsp.a(altera_avalon_uart_fd.o)
                              ../Assignment2_bsp/\libhal_bsp.a(alt_sys_init.o) (altera_avalon_uart_read_fd)
../Assignment2_bsp/\libhal_bsp.a(altera_avalon_uart_init.o)
                              ../Assignment2_bsp/\libhal_bsp.a(alt_sys_init.o) (altera_avalon_uart_init)
../Assignment2_bsp/\libhal_bsp.a(altera_avalon_uart_read.o)
                              ../Assignment2_bsp/\libhal_bsp.a(altera_avalon_uart_fd.o) (altera_avalon_uart_read)
../Assignment2_bsp/\libhal_bsp.a(altera_avalon_uart_write.o)
                              ../Assignment2_bsp/\libhal_bsp.a(altera_avalon_uart_fd.o) (altera_avalon_uart_write)
../Assignment2_bsp/\libhal_bsp.a(alt_alarm_start.o)
                              ../Assignment2_bsp/\libhal_bsp.a(altera_avalon_jtag_uart_init.o) (alt_alarm_start)
../Assignment2_bsp/\libhal_bsp.a(alt_close.o)
                              ../Assignment2_bsp/\libhal_bsp.a(alt_main.o) (close)
../Assignment2_bsp/\libhal_bsp.a(alt_dcache_flush_all.o)
                              ../Assignment2_bsp/\libhal_bsp.a(alt_load.o) (alt_dcache_flush_all)
../Assignment2_bsp/\libhal_bsp.a(alt_dev.o)
                              ../Assignment2_bsp/\libhal_bsp.a(alt_sys_init.o) (alt_dev_list)
../Assignment2_bsp/\libhal_bsp.a(alt_dev_llist_insert.o)
                              ../Assignment2_bsp/\libhal_bsp.a(alt_sys_init.o) (alt_dev_llist_insert)
../Assignment2_bsp/\libhal_bsp.a(alt_do_ctors.o)
                              ../Assignment2_bsp/\libhal_bsp.a(alt_main.o) (_do_ctors)
../Assignment2_bsp/\libhal_bsp.a(alt_do_dtors.o)
                              ../Assignment2_bsp/\libhal_bsp.a(alt_main.o) (_do_dtors)
../Assignment2_bsp/\libhal_bsp.a(alt_errno.o)
                              ../Assignment2_bsp/\libhal_bsp.a(altera_avalon_uart_read.o) (alt_errno)
../Assignment2_bsp/\libhal_bsp.a(alt_icache_flush_all.o)
                              ../Assignment2_bsp/\libhal_bsp.a(alt_load.o) (alt_icache_flush_all)
../Assignment2_bsp/\libhal_bsp.a(alt_iic.o)
                              ../Assignment2_bsp/\libhal_bsp.a(altera_avalon_jtag_uart_init.o) (alt_ic_isr_register)
../Assignment2_bsp/\libhal_bsp.a(alt_iic_isr_register.o)
                              ../Assignment2_bsp/\libhal_bsp.a(alt_iic.o) (alt_iic_isr_register)
../Assignment2_bsp/\libhal_bsp.a(alt_io_redirect.o)
                              ../Assignment2_bsp/\libhal_bsp.a(alt_main.o) (alt_io_redirect)
../Assignment2_bsp/\libhal_bsp.a(alt_irq_entry.o)
                              ../Assignment2_bsp/\libhal_bsp.a(alt_iic_isr_register.o) (alt_irq_entry)
../Assignment2_bsp/\libhal_bsp.a(alt_irq_handler.o)
                              ../Assignment2_bsp/\libhal_bsp.a(alt_iic_isr_register.o) (alt_irq)
../Assignment2_bsp/\libhal_bsp.a(alt_irq_vars.o)
                              ../Assignment2_bsp/\libhal_bsp.a(alt_iic.o) (alt_irq_active)
../Assignment2_bsp/\libhal_bsp.a(alt_open.o)
                              ../Assignment2_bsp/\libhal_bsp.a(alt_io_redirect.o) (open)
../Assignment2_bsp/\libhal_bsp.a(alt_release_fd.o)
[...]
Memory Configuration

Name             Origin             Length             Attributes
reset            0x0000000000800000 0x0000000000000020
sdram            0x0000000000800020 0x00000000007fffe0
onchip_mem       0x0000000001080000 0x0000000000007800
*default*        0x0000000000000000 0xffffffffffffffff

Linker script and memory map

LOAD ../Assignment2_bsp//obj/HAL/src/crt0.o
LOAD c:/intelfpga_lite/18.1/nios2eds/bin/gnu/h-x86_64-mingw32/bin/../lib/gcc/nios2-elf/5.3.0/../../../../../H-x86_64-mingw32/nios2-elf/lib\libstdc++.a
LOAD c:/intelfpga_lite/18.1/nios2eds/bin/gnu/h-x86_64-mingw32/bin/../lib/gcc/nios2-elf/5.3.0/../../../../../H-x86_64-mingw32/nios2-elf/lib\libm.a
LOAD c:/intelfpga_lite/18.1/nios2eds/bin/gnu/h-x86_64-mingw32/bin/../lib/gcc/nios2-elf/5.3.0\libgcc.a
START GROUP
LOAD c:/intelfpga_lite/18.1/nios2eds/bin/gnu/h-x86_64-mingw32/bin/../lib/gcc/nios2-elf/5.3.0/../../../../../H-x86_64-mingw32/nios2-elf/lib\libc.a
LOAD c:/intelfpga_lite/18.1/nios2eds/bin/gnu/h-x86_64-mingw32/bin/../lib/gcc/nios2-elf/5.3.0\libgcc.a
LOAD ../Assignment2_bsp/\libhal_bsp.a
LOAD c:/intelfpga_lite/18.1/nios2eds/bin/gnu/h-x86_64-mingw32/bin/../lib/gcc/nios2-elf/5.3.0/../../../../../H-x86_64-mingw32/nios2-elf/lib\libm.a
END GROUP
LOAD c:/intelfpga_lite/18.1/nios2eds/bin/gnu/h-x86_64-mingw32/bin/../lib/gcc/nios2-elf/5.3.0\libgcc.a
                0x0000000000800000                __alt_mem_sdram = 0x800000
                0x0000000001080000                __alt_mem_onchip_mem = 0x1080000

.entry          0x0000000000800000       0x20
 *(.entry)
 .entry         0x0000000000800000       0x20 ../Assignment2_bsp//obj/HAL/src/crt0.o
                0x0000000000800000                __reset

.exceptions     0x0000000000800020      0x224
                0x0000000000800020                PROVIDE (__ram_exceptions_start, ABSOLUTE (.))
                0x0000000000800020                . = ALIGN (0x20)
 *(.irq)
 *(.exceptions.entry.label)
 .exceptions.entry.label
                0x0000000000800020        0x0 ../Assignment2_bsp/\libhal_bsp.a(alt_irq_entry.o)
                0x0000000000800020                alt_irq_entry
 .exceptions.entry.label
                0x0000000000800020        0x0 ../Assignment2_bsp/\libhal_bsp.a(alt_exception_entry.o)
                0x0000000000800020                alt_exception
 *(.exceptions.entry.user)
 *(.exceptions.entry.ecc_fatal)
 *(.exceptions.entry)
 .exceptions.entry
                0x0000000000800020       0x54 ../Assignment2_bsp/\libhal_bsp.a(alt_exception_entry.o)
 *(.exceptions.irqtest.user)
 *(.exceptions.irqtest)
 .exceptions.irqtest
                0x0000000000800074       0x10 ../Assignment2_bsp/\libhal_bsp.a(alt_irq_entry.o)
 *(.exceptions.irqhandler.user)
 *(.exceptions.irqhandler)
 .exceptions.irqhandler
                0x0000000000800084        0x4 ../Assignment2_bsp/\libhal_bsp.a(alt_irq_entry.o)
 *(.exceptions.irqreturn.user)
 *(.exceptions.irqreturn)
 .exceptions.irqreturn
                0x0000000000800088        0x4 ../Assignment2_bsp/\libhal_bsp.a(alt_irq_entry.o)
 *(.exceptions.notirq.label)
 .exceptions.notirq.label
                0x000000000080008c        0x0 ../Assignment2_bsp/\libhal_bsp.a(alt_irq_entry.o)
 *(.exceptions.notirq.user)
 *(.exceptions.notirq)
 .exceptions.notirq
                0x000000000080008c        0x8 ../Assignment2_bsp/\libhal_bsp.a(alt_exception_entry.o)
 *(.exceptions.soft.user)
 *(.exceptions.soft)
 *(.exceptions.unknown.user)
 *(.exceptions.unknown)
 .exceptions.unknown
                0x0000000000800094       0x14 ../Assignment2_bsp/\libhal_bsp.a(alt_exception_entry.o)
 *(.exceptions.exit.label)
 .exceptions.exit.label
                0x00000000008000a8        0x0 ../Assignment2_bsp/\libhal_bsp.a(alt_irq_entry.o)
 .exceptions.exit.label
                0x00000000008000a8        0x0 ../Assignment2_bsp/\libhal_bsp.a(alt_exception_entry.o)
 *(.exceptions.exit.user)
 *(.exceptions.exit)
 .exceptions.exit
                0x00000000008000a8       0x54 ../Assignment2_bsp/\libhal_bsp.a(alt_exception_entry.o)
 *(.exceptions)
 .exceptions    0x00000000008000fc       0xd4 ../Assignment2_bsp/\libhal_bsp.a(alt_irq_handler.o)
                0x00000000008000fc                alt_irq_handler
 .exceptions    0x00000000008001d0       0x74 ../Assignment2_bsp/\libhal_bsp.a(alt_instruction_exception_entry.o)
                0x00000000008001d0                alt_instruction_exception_entry
                0x0000000000800244                PROVIDE (__ram_exceptions_end, ABSOLUTE (.))
                0x0000000000800020                PROVIDE (__flash_exceptions_start, LOADADDR (.exceptions))

.text           0x0000000000800244     0x3fec
                [!provide]                        PROVIDE (stext, ABSOLUTE (.))
 *(.interp)
 *(.hash)
 *(.dynsym)
 *(.dynstr)
 *(.gnu.version)
 *(.gnu.version_d)
 *(.gnu.version_r)
 *(.rel.init)
 *(.rela.init)
 *(.rel.text .rel.text.* .rel.gnu.linkonce.t.*)
 *(.rela.text .rela.text.* .rela.gnu.linkonce.t.*)
 *(.rel.fini)
 *(.rela.fini)
 *(.rel.rodata .rel.rodata.* .rel.gnu.linkonce.r.*)
 *(.rela.rodata .rela.rodata.* .rela.gnu.linkonce.r.*)
 *(.rel.data .rel.data.* .rel.gnu.linkonce.d.*)
 *(.rela.data .rela.data.* .rela.gnu.linkonce.d.*)
 *(.rel.tdata .rel.tdata.* .rel.gnu.linkonce.td.*)
 *(.rela.tdata .rela.tdata.* .rela.gnu.linkonce.td.*)
 *(.rel.tbss .rel.tbss.* .rel.gnu.linkonce.tb.*)
 *(.rela.tbss .rela.tbss.* .rela.gnu.linkonce.tb.*)
 *(.rel.ctors)
 *(.rela.ctors)
 *(.rel.dtors)
 *(.rela.dtors)
 *(.rel.got)
 *(.rela.got)
 *(.rel.sdata .rel.sdata.* .rel.gnu.linkonce.s.*)
 *(.rela.sdata .rela.sdata.* .rela.gnu.linkonce.s.*)
 *(.rel.sbss .rel.sbss.* .rel.gnu.linkonce.sb.*)
 *(.rela.sbss .rela.sbss.* .rela.gnu.linkonce.sb.*)
 *(.rel.sdata2 .rel.sdata2.* .rel.gnu.linkonce.s2.*)
 *(.rela.sdata2 .rela.sdata2.* .rela.gnu.linkonce.s2.*)
 *(.rel.sbss2 .rel.sbss2.* .rel.gnu.linkonce.sb2.*)
 *(.rela.sbss2 .rela.sbss2.* .rela.gnu.linkonce.sb2.*)
 *(.rel.bss .rel.bss.* .rel.gnu.linkonce.b.*)
 *(.rela.bss .rela.bss.* .rela.gnu.linkonce.b.*)
 *(.rel.plt)
 *(.rela.plt)
 *(.rel.dyn)
 *(.init)
 *(.plt)
 *(.text .stub .text.* .gnu.linkonce.t.*)
 .text          0x0000000000800244       0x4c ../Assignment2_bsp//obj/HAL/src/crt0.o
                0x0000000000800244                _start
 .text          0x0000000000800290       0xec ../Assignment2_bsp/\libhal_bsp.a(alt_load.o)
                0x00000000008002f8                alt_load
 .text          0x000000000080037c       0x7c ../Assignment2_bsp/\libhal_bsp.a(alt_main.o)
                0x000000000080037c                alt_main
 .text          0x00000000008003f8      0x108 ../Assignment2_bsp/\libhal_bsp.a(alt_sys_init.o)
                0x000000000080042c                alt_irq_init
                0x0000000000800464                alt_sys_init
 .text          0x0000000000800500      0x164 ../Assignment2_bsp/\libhal_bsp.a(altera_avalon_jtag_uart_fd.o)
                0x0000000000800500                altera_avalon_jtag_uart_read_fd
                0x0000000000800560                altera_avalon_jtag_uart_write_fd
                0x00000000008005c0                altera_avalon_jtag_uart_close_fd
                0x0000000000800610                altera_avalon_jtag_uart_ioctl_fd
 .text          0x0000000000800664      0x3d4 ../Assignment2_bsp/\libhal_bsp.a(altera_avalon_jtag_uart_init.o)
                0x0000000000800664                altera_avalon_jtag_uart_init
                0x00000000008009d0                altera_avalon_jtag_uart_close
 .text          0x0000000000800a38       0xf0 ../Assignment2_bsp/\libhal_bsp.a(altera_avalon_jtag_uart_ioctl.o)
                0x0000000000800a38                altera_avalon_jtag_uart_ioctl
 .text          0x0000000000800b28      0x21c ../Assignment2_bsp/\libhal_bsp.a(altera_avalon_jtag_uart_read.o)
                0x0000000000800b28                altera_avalon_jtag_uart_read
 .text          0x0000000000800d44      0x224 ../Assignment2_bsp/\libhal_bsp.a(altera_avalon_jtag_uart_write.o)
                0x0000000000800d44                altera_avalon_jtag_uart_write
 .text          0x0000000000800f68      0xe7c ../Assignment2_bsp/\libhal_bsp.a(altera_avalon_lcd_16207.o)
                0x000000000080172c                altera_avalon_lcd_16207_write
                0x0000000000801cb0                altera_avalon_lcd_16207_init
 .text          0x0000000000801de4       0x60 ../Assignment2_bsp/\libhal_bsp.a(altera_avalon_lcd_16207_fd.o)
                0x0000000000801de4                altera_avalon_lcd_16207_write_fd
 .text          0x0000000000801e44       0xf4 ../Assignment2_bsp/\libhal_bsp.a(altera_avalon_timer_sc.o)
                0x0000000000801ebc                alt_avalon_timer_sc_init
 .text          0x0000000000801f38      0x110 ../Assignment2_bsp/\libhal_bsp.a(altera_avalon_uart_fd.o)
                0x0000000000801f38                altera_avalon_uart_read_fd
                0x0000000000801f98                altera_avalon_uart_write_fd
                0x0000000000801ff8                altera_avalon_uart_close_fd
 .text          0x0000000000802048      0x3c8 ../Assignment2_bsp/\libhal_bsp.a(altera_avalon_uart_init.o)
                0x0000000000802048                altera_avalon_uart_init
                0x00000000008023bc                altera_avalon_uart_close
 .text          0x0000000000802410      0x218 ../Assignment2_bsp/\libhal_bsp.a(altera_avalon_uart_read.o)
                0x000000000080244c                altera_avalon_uart_read
 .text          0x0000000000802628      0x1e8 ../Assignment2_bsp/\libhal_bsp.a(altera_avalon_uart_write.o)
                0x0000000000802664                altera_avalon_uart_write
 .text          0x0000000000802810      0x12c ../Assignment2_bsp/\libhal_bsp.a(alt_alarm_start.o)
                0x0000000000802810                alt_alarm_start
 .text          0x000000000080293c      0x10c ../Assignment2_bsp/\libhal_bsp.a(alt_close.o)
                0x0000000000802978                close
 .text          0x0000000000802a48       0x48 ../Assignment2_bsp/\libhal_bsp.a(alt_dcache_flush_all.o)
                0x0000000000802a48                alt_dcache_flush_all
 .text          0x0000000000802a90       0x2c ../Assignment2_bsp/\libhal_bsp.a(alt_dev.o)
 .text          0x0000000000802abc       0xe0 ../Assignment2_bsp/\libhal_bsp.a(alt_dev_llist_insert.o)
                0x0000000000802af8                alt_dev_llist_insert
 .text          0x0000000000802b9c       0x60 ../Assignment2_bsp/\libhal_bsp.a(alt_do_ctors.o)
                0x0000000000802b9c                _do_ctors
 .text          0x0000000000802bfc       0x60 ../Assignment2_bsp/\libhal_bsp.a(alt_do_dtors.o)
                0x0000000000802bfc                _do_dtors
 .text          0x0000000000802c5c        0x0 ../Assignment2_bsp/\libhal_bsp.a(alt_errno.o)
 .text          0x0000000000802c5c       0x34 ../Assignment2_bsp/\libhal_bsp.a(alt_icache_flush_all.o)
                0x0000000000802c5c                alt_icache_flush_all
 .text          0x0000000000802c90      0x1b0 ../Assignment2_bsp/\libhal_bsp.a(alt_iic.o)
                0x0000000000802c90                alt_ic_isr_register
                0x0000000000802ce0                alt_ic_irq_enable
                0x0000000000802d68                alt_ic_irq_disable
                0x0000000000802df4                alt_ic_irq_enabled
 .text          0x0000000000802e40       0xf0 ../Assignment2_bsp/\libhal_bsp.a(alt_iic_isr_register.o)
                0x0000000000802e40                alt_iic_isr_register
 .text          0x0000000000802f30      0x140 ../Assignment2_bsp/\libhal_bsp.a(alt_io_redirect.o)
                0x0000000000802ff4                alt_io_redirect
 .text          0x0000000000803070        0x0 ../Assignment2_bsp/\libhal_bsp.a(alt_irq_entry.o)
 .text          0x0000000000803070        0x0 ../Assignment2_bsp/\libhal_bsp.a(alt_irq_handler.o)
 .text          0x0000000000803070        0x0 ../Assignment2_bsp/\libhal_bsp.a(alt_irq_vars.o)
 .text          0x0000000000803070      0x254 ../Assignment2_bsp/\libhal_bsp.a(alt_open.o)
                0x0000000000803170                open
 .text          0x00000000008032c4       0x64 ../Assignment2_bsp/\libhal_bsp.a(alt_release_fd.o)
                0x00000000008032c4                alt_release_fd
 .text          0x0000000000803328      0x1a4 ../Assignment2_bsp/\libhal_bsp.a(alt_tick.o)
                0x0000000000803328                alt_alarm_stop
                0x00000000008033c4                alt_tick
 .text          0x00000000008034cc       0x30 ../Assignment2_bsp/\libhal_bsp.a(alt_usleep.o)
                0x00000000008034cc                usleep
 .text          0x00000000008034fc       0x24 ../Assignment2_bsp/\libhal_bsp.a(altera_nios2_gen2_irq.o)
                0x00000000008034fc                altera_nios2_gen2_irq_init
 .text          0x0000000000803520      0x158 ../Assignment2_bsp/\libhal_bsp.a(alt_busy_sleep.o)
                0x0000000000803520                alt_busy_sleep
 .text          0x0000000000803678        0x0 ../Assignment2_bsp/\libhal_bsp.a(alt_exception_entry.o)
 .text          0x0000000000803678       0x90 ../Assignment2_bsp/\libhal_bsp.a(alt_find_dev.o)
                0x0000000000803678                alt_find_dev
 .text          0x0000000000803708      0x108 ../Assignment2_bsp/\libhal_bsp.a(alt_find_file.o)
                0x0000000000803708                alt_find_file
 .text          0x0000000000803810       0xa4 ../Assignment2_bsp/\libhal_bsp.a(alt_get_fd.o)
                0x0000000000803810                alt_get_fd
 .text          0x00000000008038b4       0x90 ../Assignment2_bsp/\libhal_bsp.a(alt_icache_flush.o)
                0x00000000008038b4                alt_icache_flush
 .text          0x0000000000803944       0x9c ../Assignment2_bsp/\libhal_bsp.a(alt_instruction_exception_entry.o)
                0x0000000000803944                alt_exception_cause_generated_bad_addr
 .text          0x00000000008039e0        0x0 c:/intelfpga_lite/18.1/nios2eds/bin/gnu/h-x86_64-mingw32/bin/../lib/gcc/nios2-elf/5.3.0/../../../../../H-x86_64-mingw32/nios2-elf/lib\libc.a(lib_a-atexit.o)
 .text.atexit   0x00000000008039e0       0x14 c:/intelfpga_lite/18.1/nios2eds/bin/gnu/h-x86_64-mingw32/bin/../lib/gcc/nios2-elf/5.3.0/../../../../../H-x86_64-mingw32/nios2-elf/lib\libc.a(lib_a-atexit.o)
                0x00000000008039e0                atexit
 .text          0x00000000008039f4        0x0 c:/intelfpga_lite/18.1/nios2eds/bin/gnu/h-x86_64-mingw32/bin/../lib/gcc/nios2-elf/5.3.0/../../../../../H-x86_64-mingw32/nios2-elf/lib\libc.a(lib_a-ctype_.o)
 .text          0x00000000008039f4        0x0 c:/intelfpga_lite/18.1/nios2eds/bin/gnu/h-x86_64-mingw32/bin/../lib/gcc/nios2-elf/5.3.0/../../../../../H-x86_64-mingw32/nios2-elf/lib\libc.a(lib_a-exit.o)
 .text.exit     0x00000000008039f4       0x38 c:/intelfpga_lite/18.1/nios2eds/bin/gnu/h-x86_64-mingw32/bin/../lib/gcc/nios2-elf/5.3.0/../../../../../H-x86_64-mingw32/nios2-elf/lib\libc.a(lib_a-exit.o)
                0x00000000008039f4                exit
 .text          0x0000000000803a2c        0x0 c:/intelfpga_lite/18.1/nios2eds/bin/gnu/h-x86_64-mingw32/bin/../lib/gcc/nios2-elf/5.3.0/../../../../../H-x86_64-mingw32/nios2-elf/lib\libc.a(lib_a-impure.o)
 .text          0x0000000000803a2c        0x0 c:/intelfpga_lite/18.1/nios2eds/bin/gnu/h-x86_64-mingw32/bin/../lib/gcc/nios2-elf/5.3.0/../../../../../H-x86_64-mingw32/nios2-elf/lib\libc.a(lib_a-int_errno.o)
 .text          0x0000000000803a2c        0x0 c:/intelfpga_lite/18.1/nios2eds/bin/gnu/h-x86_64-mingw32/bin/../lib/gcc/nios2-elf/5.3.0/../../../../../H-x86_64-mingw32/nios2-elf/lib\libc.a(lib_a-memcmp.o)
 .text.memcmp   0x0000000000803a2c       0x7c c:/intelfpga_lite/18.1/nios2eds/bin/gnu/h-x86_64-mingw32/bin/../lib/gcc/nios2-elf/5.3.0/../../../../../H-x86_64-mingw32/nios2-elf/lib\libc.a(lib_a-memcmp.o)
                0x0000000000803a2c                memcmp
 .text          0x0000000000803aa8        0x0 c:/intelfpga_lite/18.1/nios2eds/bin/gnu/h-x86_64-mingw32/bin/../lib/gcc/nios2-elf/5.3.0/../../../../../H-x86_64-mingw32/nios2-elf/lib\libc.a(lib_a-memcpy.o)
 .text.memcpy   0x0000000000803aa8      0x148 c:/intelfpga_lite/18.1/nios2eds/bin/gnu/h-x86_64-mingw32/bin/../lib/gcc/nios2-elf/5.3.0/../../../../../H-x86_64-mingw32/nios2-elf/lib\libc.a(lib_a-memcpy.o)
                0x0000000000803aa8                memcpy
 .text          0x0000000000803bf0        0x0 c:/intelfpga_lite/18.1/nios2eds/bin/gnu/h-x86_64-mingw32/bin/../lib/gcc/nios2-elf/5.3.0/../../../../../H-x86_64-mingw32/nios2-elf/lib\libc.a(lib_a-memset.o)
 .text.memset   0x0000000000803bf0      0x128 c:/intelfpga_lite/18.1/nios2eds/bin/gnu/h-x86_64-mingw32/bin/../lib/gcc/nios2-elf/5.3.0/../../../../../H-x86_64-mingw32/nios2-elf/lib\libc.a(lib_a-memset.o)
                0x0000000000803bf0                memset
 .text          0x0000000000803d18        0x0 c:/intelfpga_lite/18.1/nios2eds/bin/gnu/h-x86_64-mingw32/bin/../lib/gcc/nios2-elf/5.3.0/../../../../../H-x86_64-mingw32/nios2-elf/lib\libc.a(lib_a-strlen.o)
 .text.strlen   0x0000000000803d18       0x98 c:/intelfpga_lite/18.1/nios2eds/bin/gnu/h-x86_64-mingw32/bin/../lib/gcc/nios2-elf/5.3.0/../../../../../H-x86_64-mingw32/nios2-elf/lib\libc.a(lib_a-strlen.o)
                0x0000000000803d18                strlen
 .text          0x0000000000803db0        0x0 c:/intelfpga_lite/18.1/nios2eds/bin/gnu/h-x86_64-mingw32/bin/../lib/gcc/nios2-elf/5.3.0/../../../../../H-x86_64-mingw32/nios2-elf/lib\libc.a(lib_a-__atexit.o)
 .text.__register_exitproc
                0x0000000000803db0      0x118 c:/intelfpga_lite/18.1/nios2eds/bin/gnu/h-x86_64-mingw32/bin/../lib/gcc/nios2-elf/5.3.0/../../../../../H-x86_64-mingw32/nios2-elf/lib\libc.a(lib_a-__atexit.o)
                0x0000000000803db0                __register_exitproc
 .text          0x0000000000803ec8        0x0 c:/intelfpga_lite/18.1/nios2eds/bin/gnu/h-x86_64-mingw32/bin/../lib/gcc/nios2-elf/5.3.0/../../../../../H-x86_64-mingw32/nios2-elf/lib\libc.a(lib_a-__call_atexit.o)
 .text.__call_exitprocs
                0x0000000000803ec8      0x180 c:/intelfpga_lite/18.1/nios2eds/bin/gnu/h-x86_64-mingw32/bin/../lib/gcc/nios2-elf/5.3.0/../../../../../H-x86_64-mingw32/nios2-elf/lib\libc.a(lib_a-__call_atexit.o)
                0x0000000000803ec8                __call_exitprocs
 .text          0x0000000000804048      0x1b4 c:/intelfpga_lite/18.1/nios2eds/bin/gnu/h-x86_64-mingw32/bin/../lib/gcc/nios2-elf/5.3.0\libgcc.a(lib2-divmod.o)
                0x0000000000804048                __divsi3
                0x00000000008040cc                __modsi3
                0x0000000000804140                __udivsi3
                0x00000000008041a4                __umodsi3
 .text          0x00000000008041fc       0x34 ../Assignment2_bsp/\libhal_bsp.a(alt_exit.o)
                0x00000000008041fc                _exit
 *(.gnu.warning.*)
 *(.fini)
                [!provide]                        PROVIDE (__etext, ABSOLUTE (.))
                [!provide]                        PROVIDE (_etext, ABSOLUTE (.))
                [!provide]                        PROVIDE (etext, ABSOLUTE (.))
 *(.eh_frame_hdr)
                0x0000000000804230                . = ALIGN (0x4)
                [!provide]                        PROVIDE (__preinit_array_start, ABSOLUTE (.))
 *(.preinit_array)
                [!provide]                        PROVIDE (__preinit_array_end, ABSOLUTE (.))
                [!provide]                        PROVIDE (__init_array_start, ABSOLUTE (.))
 *(.init_array)
                [!provide]                        PROVIDE (__init_array_end, ABSOLUTE (.))
                [!provide]                        PROVIDE (__fini_array_start, ABSOLUTE (.))
 *(.fini_array)
                [!provide]                        PROVIDE (__fini_array_end, ABSOLUTE (.))
 *(.eh_frame)
 *(.gcc_except_table .gcc_except_table.*)
 *(.dynamic)
                0x0000000000804230                PROVIDE (__CTOR_LIST__, ABSOLUTE (.))
 *(.ctors)
 *(SORT(.ctors.*))
                0x0000000000804230                PROVIDE (__CTOR_END__, ABSOLUTE (.))
                0x0000000000804230                PROVIDE (__DTOR_LIST__, ABSOLUTE (.))
 *(.dtors)
 *(SORT(.dtors.*))
                0x0000000000804230                PROVIDE (__DTOR_END__, ABSOLUTE (.))
 *(.jcr)
                0x0000000000804230                . = ALIGN (0x4)

.rodata         0x0000000000804230      0x2c8
                0x0000000000804230                PROVIDE (__ram_rodata_start, ABSOLUTE (.))
                0x0000000000804230                . = ALIGN (0x4)
 *(.rodata .rodata.* .gnu.linkonce.r.*)
 .rodata        0x0000000000804230        0xf ../Assignment2_bsp/\libhal_bsp.a(alt_main.o)
 *fill*         0x000000000080423f        0x1 
 .rodata        0x0000000000804240       0x26 ../Assignment2_bsp/\libhal_bsp.a(alt_sys_init.o)
 *fill*         0x0000000000804266        0x2 
 .rodata        0x0000000000804268        0xa ../Assignment2_bsp/\libhal_bsp.a(alt_dev.o)
 .rodata._ctype_
                0x0000000000804272      0x101 c:/intelfpga_lite/18.1/nios2eds/bin/gnu/h-x86_64-mingw32/bin/../lib/gcc/nios2-elf/5.3.0/../../../../../H-x86_64-mingw32/nios2-elf/lib\libc.a(lib_a-ctype_.o)
                0x0000000000804272                _ctype_
 .rodata._ctype_b
                0x0000000000804373      0x180 c:/intelfpga_lite/18.1/nios2eds/bin/gnu/h-x86_64-mingw32/bin/../lib/gcc/nios2-elf/5.3.0/../../../../../H-x86_64-mingw32/nios2-elf/lib\libc.a(lib_a-ctype_.o)
 *fill*         0x00000000008044f3        0x1 
 .rodata.str1.4
                0x00000000008044f4        0x4 c:/intelfpga_lite/18.1/nios2eds/bin/gnu/h-x86_64-mingw32/bin/../lib/gcc/nios2-elf/5.3.0/../../../../../H-x86_64-mingw32/nios2-elf/lib\libc.a(lib_a-impure.o)
                                          0x2 (size before relaxing)
 *(.rodata1)
                0x00000000008044f8                . = ALIGN (0x4)
                0x00000000008044f8                PROVIDE (__ram_rodata_end, ABSOLUTE (.))
                0x0000000000804230                PROVIDE (__flash_rodata_start, LOADADDR (.rodata))

.rwdata         0x00000000008044f8     0x1844 load address 0x0000000000805d3c
                0x00000000008044f8                PROVIDE (__ram_rwdata_start, ABSOLUTE (.))
                0x00000000008044f8                . = ALIGN (0x4)
 *(.got.plt)
 *(.got)
 *(.data1)
 *(.data .data.* .gnu.linkonce.d.*)
 .data          0x00000000008044f8        0x0 ../Assignment2_bsp//obj/HAL/src/crt0.o
 .data          0x00000000008044f8        0x0 ../Assignment2_bsp/\libhal_bsp.a(alt_load.o)
 .data          0x00000000008044f8        0x0 ../Assignment2_bsp/\libhal_bsp.a(alt_main.o)
 .data          0x00000000008044f8     0x1244 ../Assignment2_bsp/\libhal_bsp.a(alt_sys_init.o)
 .data          0x000000000080573c        0x0 ../Assignment2_bsp/\libhal_bsp.a(altera_avalon_jtag_uart_fd.o)
 .data          0x000000000080573c        0x0 ../Assignment2_bsp/\libhal_bsp.a(altera_avalon_jtag_uart_init.o)
 .data          0x000000000080573c        0x0 ../Assignment2_bsp/\libhal_bsp.a(altera_avalon_jtag_uart_ioctl.o)
 .data          0x000000000080573c        0x0 ../Assignment2_bsp/\libhal_bsp.a(altera_avalon_jtag_uart_read.o)
 .data          0x000000000080573c        0x0 ../Assignment2_bsp/\libhal_bsp.a(altera_avalon_jtag_uart_write.o)
 .data          0x000000000080573c        0x0 ../Assignment2_bsp/\libhal_bsp.a(altera_avalon_lcd_16207.o)
 .data          0x000000000080573c        0x0 ../Assignment2_bsp/\libhal_bsp.a(altera_avalon_lcd_16207_fd.o)
 .data          0x000000000080573c        0x0 ../Assignment2_bsp/\libhal_bsp.a(altera_avalon_timer_sc.o)
 .data          0x000000000080573c        0x0 ../Assignment2_bsp/\libhal_bsp.a(altera_avalon_uart_fd.o)
 .data          0x000000000080573c        0x0 ../Assignment2_bsp/\libhal_bsp.a(altera_avalon_uart_init.o)
 .data          0x000000000080573c        0x0 ../Assignment2_bsp/\libhal_bsp.a(altera_avalon_uart_read.o)
 .data          0x000000000080573c        0x0 ../Assignment2_bsp/\libhal_bsp.a(altera_avalon_uart_write.o)
 .data          0x000000000080573c        0x0 ../Assignment2_bsp/\libhal_bsp.a(alt_alarm_start.o)
 .data          0x000000000080573c        0x0 ../Assignment2_bsp/\libhal_bsp.a(alt_close.o)
 .data          0x000000000080573c        0x0 ../Assignment2_bsp/\libhal_bsp.a(alt_dcache_flush_all.o)
 .data          0x000000000080573c      0x1a8 ../Assignment2_bsp/\libhal_bsp.a(alt_dev.o)
                0x000000000080573c                alt_dev_null
                0x0000000000805764                alt_fd_list
 .data          0x00000000008058e4        0x0 ../Assignment2_bsp/\libhal_bsp.a(alt_dev_llist_insert.o)
 .data          0x00000000008058e4        0x0 ../Assignment2_bsp/\libhal_bsp.a(alt_do_ctors.o)
 .data          0x00000000008058e4        0x0 ../Assignment2_bsp/\libhal_bsp.a(alt_do_dtors.o)
 .data          0x00000000008058e4        0x0 ../Assignment2_bsp/\libhal_bsp.a(alt_errno.o)
 .data          0x00000000008058e4        0x0 ../Assignment2_bsp/\libhal_bsp.a(alt_icache_flush_all.o)
 .data          0x00000000008058e4        0x0 ../Assignment2_bsp/\libhal_bsp.a(alt_iic.o)
 .data          0x00000000008058e4        0x0 ../Assignment2_bsp/\libhal_bsp.a(alt_iic_isr_register.o)
 .data          0x00000000008058e4        0x0 ../Assignment2_bsp/\libhal_bsp.a(alt_io_redirect.o)
 .data          0x00000000008058e4        0x0 ../Assignment2_bsp/\libhal_bsp.a(alt_irq_entry.o)
 .data          0x00000000008058e4        0x0 ../Assignment2_bsp/\libhal_bsp.a(alt_irq_handler.o)
 .data          0x00000000008058e4        0x0 ../Assignment2_bsp/\libhal_bsp.a(alt_irq_vars.o)
 .data          0x00000000008058e4        0x0 ../Assignment2_bsp/\libhal_bsp.a(alt_open.o)
 .data          0x00000000008058e4        0x0 ../Assignment2_bsp/\libhal_bsp.a(alt_release_fd.o)
 .data          0x00000000008058e4        0x0 ../Assignment2_bsp/\libhal_bsp.a(alt_tick.o)
 .data          0x00000000008058e4        0x0 ../Assignment2_bsp/\libhal_bsp.a(alt_usleep.o)
 .data          0x00000000008058e4        0x0 ../Assignment2_bsp/\libhal_bsp.a(altera_nios2_gen2_irq.o)
 .data          0x00000000008058e4        0x0 ../Assignment2_bsp/\libhal_bsp.a(alt_busy_sleep.o)
 .data          0x00000000008058e4        0x0 ../Assignment2_bsp/\libhal_bsp.a(alt_exception_entry.o)
 .data          0x00000000008058e4        0x0 ../Assignment2_bsp/\libhal_bsp.a(alt_find_dev.o)
 .data          0x00000000008058e4        0x0 ../Assignment2_bsp/\libhal_bsp.a(alt_find_file.o)
 .data          0x00000000008058e4        0x0 ../Assignment2_bsp/\libhal_bsp.a(alt_get_fd.o)
 .data          0x00000000008058e4        0x0 ../Assignment2_bsp/\libhal_bsp.a(alt_icache_flush.o)
 .data          0x00000000008058e4        0x0 ../Assignment2_bsp/\libhal_bsp.a(alt_instruction_exception_entry.o)
 .data          0x00000000008058e4        0x0 c:/intelfpga_lite/18.1/nios2eds/bin/gnu/h-x86_64-mingw32/bin/../lib/gcc/nios2-elf/5.3.0/../../../../../H-x86_64-mingw32/nios2-elf/lib\libc.a(lib_a-atexit.o)
 .data          0x00000000008058e4        0x0 c:/intelfpga_lite/18.1/nios2eds/bin/gnu/h-x86_64-mingw32/bin/../lib/gcc/nios2-elf/5.3.0/../../../../../H-x86_64-mingw32/nios2-elf/lib\libc.a(lib_a-ctype_.o)
 .data          0x00000000008058e4        0x0 c:/intelfpga_lite/18.1/nios2eds/bin/gnu/h-x86_64-mingw32/bin/../lib/gcc/nios2-elf/5.3.0/../../../../../H-x86_64-mingw32/nios2-elf/lib\libc.a(lib_a-exit.o)
 .data          0x00000000008058e4        0x0 c:/intelfpga_lite/18.1/nios2eds/bin/gnu/h-x86_64-mingw32/bin/../lib/gcc/nios2-elf/5.3.0/../../../../../H-x86_64-mingw32/nios2-elf/lib\libc.a(lib_a-impure.o)
 .data.impure_data
                0x00000000008058e4      0x424 c:/intelfpga_lite/18.1/nios2eds/bin/gnu/h-x86_64-mingw32/bin/../lib/gcc/nios2-elf/5.3.0/../../../../../H-x86_64-mingw32/nios2-elf/lib\libc.a(lib_a-impure.o)
 .data          0x0000000000805d08        0x0 c:/intelfpga_lite/18.1/nios2eds/bin/gnu/h-x86_64-mingw32/bin/../lib/gcc/nios2-elf/5.3.0/../../../../../H-x86_64-mingw32/nios2-elf/lib\libc.a(lib_a-int_errno.o)
 .data          0x0000000000805d08        0x0 c:/intelfpga_lite/18.1/nios2eds/bin/gnu/h-x86_64-mingw32/bin/../lib/gcc/nios2-elf/5.3.0/../../../../../H-x86_64-mingw32/nios2-elf/lib\libc.a(lib_a-memcmp.o)
 .data          0x0000000000805d08        0x0 c:/intelfpga_lite/18.1/nios2eds/bin/gnu/h-x86_64-mingw32/bin/../lib/gcc/nios2-elf/5.3.0/../../../../../H-x86_64-mingw32/nios2-elf/lib\libc.a(lib_a-memcpy.o)
 .data          0x0000000000805d08        0x0 c:/intelfpga_lite/18.1/nios2eds/bin/gnu/h-x86_64-mingw32/bin/../lib/gcc/nios2-elf/5.3.0/../../../../../H-x86_64-mingw32/nios2-elf/lib\libc.a(lib_a-memset.o)
 .data          0x0000000000805d08        0x0 c:/intelfpga_lite/18.1/nios2eds/bin/gnu/h-x86_64-mingw32/bin/../lib/gcc/nios2-elf/5.3.0/../../../../../H-x86_64-mingw32/nios2-elf/lib\libc.a(lib_a-strlen.o)
 .data          0x0000000000805d08        0x0 c:/intelfpga_lite/18.1/nios2eds/bin/gnu/h-x86_64-mingw32/bin/../lib/gcc/nios2-elf/5.3.0/../../../../../H-x86_64-mingw32/nios2-elf/lib\libc.a(lib_a-__atexit.o)
 .data          0x0000000000805d08        0x0 c:/intelfpga_lite/18.1/nios2eds/bin/gnu/h-x86_64-mingw32/bin/../lib/gcc/nios2-elf/5.3.0/../../../../../H-x86_64-mingw32/nios2-elf/lib\libc.a(lib_a-__call_atexit.o)
 .data          0x0000000000805d08        0x0 c:/intelfpga_lite/18.1/nios2eds/bin/gnu/h-x86_64-mingw32/bin/../lib/gcc/nios2-elf/5.3.0\libgcc.a(lib2-divmod.o)
 .data          0x0000000000805d08        0x0 ../Assignment2_bsp/\libhal_bsp.a(alt_exit.o)
                0x000000000080dd08                _gp = ABSOLUTE ((. + 0x8000))
                [!provide]                        PROVIDE (gp, _gp)
 *(.rwdata .rwdata.*)
 *(.sdata .sdata.* .gnu.linkonce.s.*)
 .sdata         0x0000000000805d08        0x4 ../Assignment2_bsp/\libhal_bsp.a(altera_avalon_lcd_16207.o)
 .sdata         0x0000000000805d0c       0x14 ../Assignment2_bsp/\libhal_bsp.a(alt_dev.o)
                0x0000000000805d0c                alt_fs_list
                0x0000000000805d14                alt_dev_list
                0x0000000000805d1c                alt_max_fd
 .sdata         0x0000000000805d20        0x4 ../Assignment2_bsp/\libhal_bsp.a(alt_errno.o)
                0x0000000000805d20                alt_errno
 .sdata         0x0000000000805d24        0x4 ../Assignment2_bsp/\libhal_bsp.a(alt_irq_vars.o)
                0x0000000000805d24                alt_priority_mask
 .sdata         0x0000000000805d28        0x8 ../Assignment2_bsp/\libhal_bsp.a(alt_tick.o)
                0x0000000000805d28                alt_alarm_list
 .sdata.__ctype_ptr__
                0x0000000000805d30        0x4 c:/intelfpga_lite/18.1/nios2eds/bin/gnu/h-x86_64-mingw32/bin/../lib/gcc/nios2-elf/5.3.0/../../../../../H-x86_64-mingw32/nios2-elf/lib\libc.a(lib_a-ctype_.o)
                0x0000000000805d30                __ctype_ptr__
 .sdata._global_impure_ptr
                0x0000000000805d34        0x4 c:/intelfpga_lite/18.1/nios2eds/bin/gnu/h-x86_64-mingw32/bin/../lib/gcc/nios2-elf/5.3.0/../../../../../H-x86_64-mingw32/nios2-elf/lib\libc.a(lib_a-impure.o)
                0x0000000000805d34                _global_impure_ptr
 .sdata._impure_ptr
                0x0000000000805d38        0x4 c:/intelfpga_lite/18.1/nios2eds/bin/gnu/h-x86_64-mingw32/bin/../lib/gcc/nios2-elf/5.3.0/../../../../../H-x86_64-mingw32/nios2-elf/lib\libc.a(lib_a-impure.o)
                0x0000000000805d38                _impure_ptr
 *(.sdata2 .sdata2.* .gnu.linkonce.s2.*)
                0x0000000000805d3c                . = ALIGN (0x4)
                0x0000000000805d3c                _edata = ABSOLUTE (.)
                [!provide]                        PROVIDE (edata, ABSOLUTE (.))
                0x0000000000805d3c                PROVIDE (__ram_rwdata_end, ABSOLUTE (.))
                0x0000000000805d3c                PROVIDE (__flash_rwdata_start, LOADADDR (.rwdata))

.bss            0x0000000000807580      0x120
                0x0000000000807580                __bss_start = ABSOLUTE (.)
                [!provide]                        PROVIDE (__sbss_start, ABSOLUTE (.))
                [!provide]                        PROVIDE (___sbss_start, ABSOLUTE (.))
 *(.dynsbss)
 *(.sbss .sbss.* .gnu.linkonce.sb.*)
 .sbss          0x0000000000807580        0xc ../Assignment2_bsp/\libhal_bsp.a(alt_main.o)
                0x0000000000807580                alt_argc
                0x0000000000807584                alt_argv
                0x0000000000807588                alt_envp
 .sbss          0x000000000080758c        0x4 ../Assignment2_bsp/\libhal_bsp.a(alt_irq_vars.o)
                0x000000000080758c                alt_irq_active
 .sbss          0x0000000000807590        0x8 ../Assignment2_bsp/\libhal_bsp.a(alt_tick.o)
                0x0000000000807590                _alt_tick_rate
                0x0000000000807594                _alt_nticks
 .sbss          0x0000000000807598        0x4 ../Assignment2_bsp/\libhal_bsp.a(alt_instruction_exception_entry.o)
                0x0000000000807598                alt_instruction_exception_handler
 .sbss          0x000000000080759c        0x4 c:/intelfpga_lite/18.1/nios2eds/bin/gnu/h-x86_64-mingw32/bin/../lib/gcc/nios2-elf/5.3.0/../../../../../H-x86_64-mingw32/nios2-elf/lib\libc.a(lib_a-int_errno.o)
                0x000000000080759c                errno
 *(.sbss2 .sbss2.* .gnu.linkonce.sb2.*)
 *(.scommon)
                [!provide]                        PROVIDE (__sbss_end, ABSOLUTE (.))
                [!provide]                        PROVIDE (___sbss_end, ABSOLUTE (.))
 *(.dynbss)
 *(.bss .bss.* .gnu.linkonce.b.*)
 .bss           0x00000000008075a0        0x0 ../Assignment2_bsp//obj/HAL/src/crt0.o
 .bss           0x00000000008075a0        0x0 ../Assignment2_bsp/\libhal_bsp.a(alt_load.o)
 .bss           0x00000000008075a0        0x0 ../Assignment2_bsp/\libhal_bsp.a(alt_main.o)
 .bss           0x00000000008075a0        0x0 ../Assignment2_bsp/\libhal_bsp.a(alt_sys_init.o)
 .bss           0x00000000008075a0        0x0 ../Assignment2_bsp/\libhal_bsp.a(altera_avalon_jtag_uart_fd.o)
 .bss           0x00000000008075a0        0x0 ../Assignment2_bsp/\libhal_bsp.a(altera_avalon_jtag_uart_init.o)
 .bss           0x00000000008075a0        0x0 ../Assignment2_bsp/\libhal_bsp.a(altera_avalon_jtag_uart_ioctl.o)
 .bss           0x00000000008075a0        0x0 ../Assignment2_bsp/\libhal_bsp.a(altera_avalon_jtag_uart_read.o)
 .bss           0x00000000008075a0        0x0 ../Assignment2_bsp/\libhal_bsp.a(altera_avalon_jtag_uart_write.o)
 .bss           0x00000000008075a0        0x0 ../Assignment2_bsp/\libhal_bsp.a(altera_avalon_lcd_16207.o)
 .bss           0x00000000008075a0        0x0 ../Assignment2_bsp/\libhal_bsp.a(altera_avalon_lcd_16207_fd.o)
 .bss           0x00000000008075a0        0x0 ../Assignment2_bsp/\libhal_bsp.a(altera_avalon_timer_sc.o)
 .bss           0x00000000008075a0        0x0 ../Assignment2_bsp/\libhal_bsp.a(altera_avalon_uart_fd.o)
 .bss           0x00000000008075a0        0x0 ../Assignment2_bsp/\libhal_bsp.a(altera_avalon_uart_init.o)
 .bss           0x00000000008075a0        0x0 ../Assignment2_bsp/\libhal_bsp.a(altera_avalon_uart_read.o)
 .bss           0x00000000008075a0        0x0 ../Assignment2_bsp/\libhal_bsp.a(altera_avalon_uart_write.o)
 .bss           0x00000000008075a0        0x0 ../Assignment2_bsp/\libhal_bsp.a(alt_alarm_start.o)
 .bss           0x00000000008075a0        0x0 ../Assignment2_bsp/\libhal_bsp.a(alt_close.o)
 .bss           0x00000000008075a0        0x0 ../Assignment2_bsp/\libhal_bsp.a(alt_dcache_flush_all.o)
 .bss           0x00000000008075a0        0x0 ../Assignment2_bsp/\libhal_bsp.a(alt_dev.o)
 .bss           0x00000000008075a0        0x0 ../Assignment2_bsp/\libhal_bsp.a(alt_dev_llist_insert.o)
 .bss           0x00000000008075a0        0x0 ../Assignment2_bsp/\libhal_bsp.a(alt_do_ctors.o)
 .bss           0x00000000008075a0        0x0 ../Assignment2_bsp/\libhal_bsp.a(alt_do_dtors.o)
 .bss           0x00000000008075a0        0x0 ../Assignment2_bsp/\libhal_bsp.a(alt_errno.o)
 .bss           0x00000000008075a0        0x0 ../Assignment2_bsp/\libhal_bsp.a(alt_icache_flush_all.o)
 .bss           0x00000000008075a0        0x0 ../Assignment2_bsp/\libhal_bsp.a(alt_iic.o)
 .bss           0x00000000008075a0        0x0 ../Assignment2_bsp/\libhal_bsp.a(alt_iic_isr_register.o)
 .bss           0x00000000008075a0        0x0 ../Assignment2_bsp/\libhal_bsp.a(alt_io_redirect.o)
 .bss           0x00000000008075a0        0x0 ../Assignment2_bsp/\libhal_bsp.a(alt_irq_entry.o)
 .bss           0x00000000008075a0        0x0 ../Assignment2_bsp/\libhal_bsp.a(alt_irq_handler.o)
 .bss           0x00000000008075a0        0x0 ../Assignment2_bsp/\libhal_bsp.a(alt_irq_vars.o)
 .bss           0x00000000008075a0        0x0 ../Assignment2_bsp/\libhal_bsp.a(alt_open.o)
 .bss           0x00000000008075a0        0x0 ../Assignment2_bsp/\libhal_bsp.a(alt_release_fd.o)
 .bss           0x00000000008075a0        0x0 ../Assignment2_bsp/\libhal_bsp.a(alt_tick.o)
 .bss           0x00000000008075a0        0x0 ../Assignment2_bsp/\libhal_bsp.a(alt_usleep.o)
 .bss           0x00000000008075a0        0x0 ../Assignment2_bsp/\libhal_bsp.a(altera_nios2_gen2_irq.o)
 .bss           0x00000000008075a0        0x0 ../Assignment2_bsp/\libhal_bsp.a(alt_busy_sleep.o)
 .bss           0x00000000008075a0        0x0 ../Assignment2_bsp/\libhal_bsp.a(alt_exception_entry.o)
 .bss           0x00000000008075a0        0x0 ../Assignment2_bsp/\libhal_bsp.a(alt_find_dev.o)
 .bss           0x00000000008075a0        0x0 ../Assignment2_bsp/\libhal_bsp.a(alt_find_file.o)
 .bss           0x00000000008075a0        0x0 ../Assignment2_bsp/\libhal_bsp.a(alt_get_fd.o)
 .bss           0x00000000008075a0        0x0 ../Assignment2_bsp/\libhal_bsp.a(alt_icache_flush.o)
 .bss           0x00000000008075a0        0x0 ../Assignment2_bsp/\libhal_bsp.a(alt_instruction_exception_entry.o)
 .bss           0x00000000008075a0        0x0 c:/intelfpga_lite/18.1/nios2eds/bin/gnu/h-x86_64-mingw32/bin/../lib/gcc/nios2-elf/5.3.0/../../../../../H-x86_64-mingw32/nios2-elf/lib\libc.a(lib_a-atexit.o)
 .bss           0x00000000008075a0        0x0 c:/intelfpga_lite/18.1/nios2eds/bin/gnu/h-x86_64-mingw32/bin/../lib/gcc/nios2-elf/5.3.0/../../../../../H-x86_64-mingw32/nios2-elf/lib\libc.a(lib_a-ctype_.o)
 .bss           0x00000000008075a0        0x0 c:/intelfpga_lite/18.1/nios2eds/bin/gnu/h-x86_64-mingw32/bin/../lib/gcc/nios2-elf/5.3.0/../../../../../H-x86_64-mingw32/nios2-elf/lib\libc.a(lib_a-exit.o)
 .bss           0x00000000008075a0        0x0 c:/intelfpga_lite/18.1/nios2eds/bin/gnu/h-x86_64-mingw32/bin/../lib/gcc/nios2-elf/5.3.0/../../../../../H-x86_64-mingw32/nios2-elf/lib\libc.a(lib_a-impure.o)
 .bss           0x00000000008075a0        0x0 c:/intelfpga_lite/18.1/nios2eds/bin/gnu/h-x86_64-mingw32/bin/../lib/gcc/nios2-elf/5.3.0/../../../../../H-x86_64-mingw32/nios2-elf/lib\libc.a(lib_a-int_errno.o)
 .bss           0x00000000008075a0        0x0 c:/intelfpga_lite/18.1/nios2eds/bin/gnu/h-x86_64-mingw32/bin/../lib/gcc/nios2-elf/5.3.0/../../../../../H-x86_64-mingw32/nios2-elf/lib\libc.a(lib_a-memcmp.o)
 .bss           0x00000000008075a0        0x0 c:/intelfpga_lite/18.1/nios2eds/bin/gnu/h-x86_64-mingw32/bin/../lib/gcc/nios2-elf/5.3.0/../../../../../H-x86_64-mingw32/nios2-elf/lib\libc.a(lib_a-memcpy.o)
 .bss           0x00000000008075a0        0x0 c:/intelfpga_lite/18.1/nios2eds/bin/gnu/h-x86_64-mingw32/bin/../lib/gcc/nios2-elf/5.3.0/../../../../../H-x86_64-mingw32/nios2-elf/lib\libc.a(lib_a-memset.o)
 .bss           0x00000000008075a0        0x0 c:/intelfpga_lite/18.1/nios2eds/bin/gnu/h-x86_64-mingw32/bin/../lib/gcc/nios2-elf/5.3.0/../../../../../H-x86_64-mingw32/nios2-elf/lib\libc.a(lib_a-strlen.o)
 .bss           0x00000000008075a0        0x0 c:/intelfpga_lite/18.1/nios2eds/bin/gnu/h-x86_64-mingw32/bin/../lib/gcc/nios2-elf/5.3.0/../../../../../H-x86_64-mingw32/nios2-elf/lib\libc.a(lib_a-__atexit.o)
 .bss           0x00000000008075a0        0x0 c:/intelfpga_lite/18.1/nios2eds/bin/gnu/h-x86_64-mingw32/bin/../lib/gcc/nios2-elf/5.3.0/../../../../../H-x86_64-mingw32/nios2-elf/lib\libc.a(lib_a-__call_atexit.o)
 .bss           0x00000000008075a0        0x0 c:/intelfpga_lite/18.1/nios2eds/bin/gnu/h-x86_64-mingw32/bin/../lib/gcc/nios2-elf/5.3.0\libgcc.a(lib2-divmod.o)
 .bss           0x00000000008075a0        0x0 ../Assignment2_bsp/\libhal_bsp.a(alt_exit.o)
 *(COMMON)
 COMMON         0x00000000008075a0      0x100 ../Assignment2_bsp/\libhal_bsp.a(alt_irq_handler.o)
                0x00000000008075a0                alt_irq
                0x00000000008076a0                . = ALIGN (0x4)
                0x00000000008076a0                __bss_end = ABSOLUTE (.)

.sdram          0x00000000008076a0        0x0
                [!provide]                        PROVIDE (_alt_partition_sdram_start, ABSOLUTE (.))
 *(.sdram .sdram. sdram.*)
                0x00000000008076a0                . = ALIGN (0x4)
                [!provide]                        PROVIDE (_alt_partition_sdram_end, ABSOLUTE (.))
                0x00000000008076a0                _end = ABSOLUTE (.)
                0x00000000008076a0                end = ABSOLUTE (.)
                0x00000000008076a0                __alt_stack_base = ABSOLUTE (.)
                [!provide]                        PROVIDE (_alt_partition_sdram_load_addr, LOADADDR (.sdram))

.onchip_mem     0x0000000001080000        0x0 load address 0x00000000008076a0
                [!provide]                        PROVIDE (_alt_partition_onchip_mem_start, ABSOLUTE (.))
 *(.onchip_mem .onchip_mem. onchip_mem.*)
                0x0000000001080000                . = ALIGN (0x4)
                [!provide]                        PROVIDE (_alt_partition_onchip_mem_end, ABSOLUTE (.))
                [!provide]                        PROVIDE (_alt_partition_onchip_mem_load_addr, LOADADDR (.onchip_mem))

.stab
 *(.stab)

.stabstr
 *(.stabstr)

.stab.excl
 *(.stab.excl)

.stab.exclstr
 *(.stab.exclstr)

.stab.index
 *(.stab.index)

.stab.indexstr
 *(.stab.indexstr)

.comment        0x0000000000000000       0x23
 *(.comment)
 .comment       0x0000000000000000       0x23 ../Assignment2_bsp/\libhal_bsp.a(alt_load.o)
                                         0x24 (size before relaxing)
 .comment       0x0000000000000023       0x24 ../Assignment2_bsp/\libhal_bsp.a(alt_main.o)
 .comment       0x0000000000000023       0x24 ../Assignment2_bsp/\libhal_bsp.a(alt_sys_init.o)
 .comment       0x0000000000000023       0x24 ../Assignment2_bsp/\libhal_bsp.a(altera_avalon_jtag_uart_fd.o)
 .comment       0x0000000000000023       0x24 ../Assignment2_bsp/\libhal_bsp.a(altera_avalon_jtag_uart_init.o)
 .comment       0x0000000000000023       0x24 ../Assignment2_bsp/\libhal_bsp.a(altera_avalon_jtag_uart_ioctl.o)
 .comment       0x0000000000000023       0x24 ../Assignment2_bsp/\libhal_bsp.a(altera_avalon_jtag_uart_read.o)
 .comment       0x0000000000000023       0x24 ../Assignment2_bsp/\libhal_bsp.a(altera_avalon_jtag_uart_write.o)
 .comment       0x0000000000000023       0x24 ../Assignment2_bsp/\libhal_bsp.a(altera_avalon_lcd_16207.o)
 .comment       0x0000000000000023       0x24 ../Assignment2_bsp/\libhal_bsp.a(altera_avalon_lcd_16207_fd.o)
 .comment       0x0000000000000023       0x24 ../Assignment2_bsp/\libhal_bsp.a(altera_avalon_timer_sc.o)
 .comment       0x0000000000000023       0x24 ../Assignment2_bsp/\libhal_bsp.a(altera_avalon_uart_fd.o)
 .comment       0x0000000000000023       0x24 ../Assignment2_bsp/\libhal_bsp.a(altera_avalon_uart_init.o)
 .comment       0x0000000000000023       0x24 ../Assignment2_bsp/\libhal_bsp.a(altera_avalon_uart_read.o)
 .comment       0x0000000000000023       0x24 ../Assignment2_bsp/\libhal_bsp.a(altera_avalon_uart_write.o)
 .comment       0x0000000000000023       0x24 ../Assignment2_bsp/\libhal_bsp.a(alt_alarm_start.o)
 .comment       0x0000000000000023       0x24 ../Assignment2_bsp/\libhal_bsp.a(alt_close.o)
 .comment       0x0000000000000023       0x24 ../Assignment2_bsp/\libhal_bsp.a(alt_dcache_flush_all.o)
 .comment       0x0000000000000023       0x24 ../Assignment2_bsp/\libhal_bsp.a(alt_dev.o)
 .comment       0x0000000000000023       0x24 ../Assignment2_bsp/\libhal_bsp.a(alt_dev_llist_insert.o)
 .comment       0x0000000000000023       0x24 ../Assignment2_bsp/\libhal_bsp.a(alt_do_ctors.o)
 .comment       0x0000000000000023       0x24 ../Assignment2_bsp/\libhal_bsp.a(alt_do_dtors.o)
 .comment       0x0000000000000023       0x24 ../Assignment2_bsp/\libhal_bsp.a(alt_errno.o)
 .comment       0x0000000000000023       0x24 ../Assignment2_bsp/\libhal_bsp.a(alt_icache_flush_all.o)
 .comment       0x0000000000000023       0x24 ../Assignment2_bsp/\libhal_bsp.a(alt_iic.o)
 .comment       0x0000000000000023       0x24 ../Assignment2_bsp/\libhal_bsp.a(alt_iic_isr_register.o)
 .comment       0x0000000000000023       0x24 ../Assignment2_bsp/\libhal_bsp.a(alt_io_redirect.o)
 .comment       0x0000000000000023       0x24 ../Assignment2_bsp/\libhal_bsp.a(alt_irq_handler.o)
 .comment       0x0000000000000023       0x24 ../Assignment2_bsp/\libhal_bsp.a(alt_irq_vars.o)
 .comment       0x0000000000000023       0x24 ../Assignment2_bsp/\libhal_bsp.a(alt_open.o)
 .comment       0x0000000000000023       0x24 ../Assignment2_bsp/\libhal_bsp.a(alt_release_fd.o)
 .comment       0x0000000000000023       0x24 ../Assignment2_bsp/\libhal_bsp.a(alt_tick.o)
 .comment       0x0000000000000023       0x24 ../Assignment2_bsp/\libhal_bsp.a(alt_usleep.o)
 .comment       0x0000000000000023       0x24 ../Assignment2_bsp/\libhal_bsp.a(altera_nios2_gen2_irq.o)
 .comment       0x0000000000000023       0x24 ../Assignment2_bsp/\libhal_bsp.a(alt_busy_sleep.o)
 .comment       0x0000000000000023       0x24 ../Assignment2_bsp/\libhal_bsp.a(alt_find_dev.o)
 .comment       0x0000000000000023       0x24 ../Assignment2_bsp/\libhal_bsp.a(alt_find_file.o)
 .comment       0x0000000000000023       0x24 ../Assignment2_bsp/\libhal_bsp.a(alt_get_fd.o)
 .comment       0x0000000000000023       0x24 ../Assignment2_bsp/\libhal_bsp.a(alt_icache_flush.o)
 .comment       0x0000000000000023       0x24 ../Assignment2_bsp/\libhal_bsp.a(alt_instruction_exception_entry.o)
 .comment       0x0000000000000023       0x24 c:/intelfpga_lite/18.1/nios2eds/bin/gnu/h-x86_64-mingw32/bin/../lib/gcc/nios2-elf/5.3.0/../../../../../H-x86_64-mingw32/nios2-elf/lib\libc.a(lib_a-atexit.o)
 .comment       0x0000000000000023       0x24 c:/intelfpga_lite/18.1/nios2eds/bin/gnu/h-x86_64-mingw32/bin/../lib/gcc/nios2-elf/5.3.0/../../../../../H-x86_64-mingw32/nios2-elf/lib\libc.a(lib_a-ctype_.o)
 .comment       0x0000000000000023       0x24 c:/intelfpga_lite/18.1/nios2eds/bin/gnu/h-x86_64-mingw32/bin/../lib/gcc/nios2-elf/5.3.0/../../../../../H-x86_64-mingw32/nios2-elf/lib\libc.a(lib_a-exit.o)
 .comment       0x0000000000000023       0x24 c:/intelfpga_lite/18.1/nios2eds/bin/gnu/h-x86_64-mingw32/bin/../lib/gcc/nios2-elf/5.3.0/../../../../../H-x86_64-mingw32/nios2-elf/lib\libc.a(lib_a-impure.o)
 .comment       0x0000000000000023       0x24 c:/intelfpga_lite/18.1/nios2eds/bin/gnu/h-x86_64-mingw32/bin/../lib/gcc/nios2-elf/5.3.0/../../../../../H-x86_64-mingw32/nios2-elf/lib\libc.a(lib_a-int_errno.o)
 .comment       0x0000000000000023       0x24 c:/intelfpga_lite/18.1/nios2eds/bin/gnu/h-x86_64-mingw32/bin/../lib/gcc/nios2-elf/5.3.0/../../../../../H-x86_64-mingw32/nios2-elf/lib\libc.a(lib_a-memcmp.o)
 .comment       0x0000000000000023       0x24 c:/intelfpga_lite/18.1/nios2eds/bin/gnu/h-x86_64-mingw32/bin/../lib/gcc/nios2-elf/5.3.0/../../../../../H-x86_64-mingw32/nios2-elf/lib\libc.a(lib_a-memcpy.o)
 .comment       0x0000000000000023       0x24 c:/intelfpga_lite/18.1/nios2eds/bin/gnu/h-x86_64-mingw32/bin/../lib/gcc/nios2-elf/5.3.0/../../../../../H-x86_64-mingw32/nios2-elf/lib\libc.a(lib_a-memset.o)
 .comment       0x0000000000000023       0x24 c:/intelfpga_lite/18.1/nios2eds/bin/gnu/h-x86_64-mingw32/bin/../lib/gcc/nios2-elf/5.3.0/../../../../../H-x86_64-mingw32/nios2-elf/lib\libc.a(lib_a-strlen.o)
 .comment       0x0000000000000023       0x24 c:/intelfpga_lite/18.1/nios2eds/bin/gnu/h-x86_64-mingw32/bin/../lib/gcc/nios2-elf/5.3.0/../../../../../H-x86_64-mingw32/nios2-elf/lib\libc.a(lib_a-__atexit.o)
 .comment       0x0000000000000023       0x24 c:/intelfpga_lite/18.1/nios2eds/bin/gnu/h-x86_64-mingw32/bin/../lib/gcc/nios2-elf/5.3.0/../../../../../H-x86_64-mingw32/nios2-elf/lib\libc.a(lib_a-__call_atexit.o)
 .comment       0x0000000000000023       0x24 c:/intelfpga_lite/18.1/nios2eds/bin/gnu/h-x86_64-mingw32/bin/../lib/gcc/nios2-elf/5.3.0\libgcc.a(lib2-divmod.o)
 .comment       0x0000000000000023       0x24 ../Assignment2_bsp/\libhal_bsp.a(alt_exit.o)

.debug
 *(.debug)

.line
 *(.line)

.debug_srcinfo
 *(.debug_srcinfo)

.debug_sfnames
 *(.debug_sfnames)

.debug_aranges  0x0000000000000000      0x710
 *(.debug_aranges)
 .debug_aranges
                0x0000000000000000       0x28 ../Assignment2_bsp//obj/HAL/src/crt0.o
 .debug_aranges
                0x0000000000000028       0x20 ../Assignment2_bsp/\libhal_bsp.a(alt_load.o)
 .debug_aranges
                0x0000000000000048       0x20 ../Assignment2_bsp/\libhal_bsp.a(alt_main.o)
 .debug_aranges
                0x0000000000000068       0x20 ../Assignment2_bsp/\libhal_bsp.a(alt_sys_init.o)
 .debug_aranges
                0x0000000000000088       0x20 ../Assignment2_bsp/\libhal_bsp.a(altera_avalon_jtag_uart_fd.o)
 .debug_aranges
                0x00000000000000a8       0x20 ../Assignment2_bsp/\libhal_bsp.a(altera_avalon_jtag_uart_init.o)
 .debug_aranges
                0x00000000000000c8       0x20 ../Assignment2_bsp/\libhal_bsp.a(altera_avalon_jtag_uart_ioctl.o)
 .debug_aranges
                0x00000000000000e8       0x20 ../Assignment2_bsp/\libhal_bsp.a(altera_avalon_jtag_uart_read.o)
 .debug_aranges
                0x0000000000000108       0x20 ../Assignment2_bsp/\libhal_bsp.a(altera_avalon_jtag_uart_write.o)
 .debug_aranges
                0x0000000000000128       0x20 ../Assignment2_bsp/\libhal_bsp.a(altera_avalon_lcd_16207.o)
 .debug_aranges
                0x0000000000000148       0x20 ../Assignment2_bsp/\libhal_bsp.a(altera_avalon_lcd_16207_fd.o)
 .debug_aranges
                0x0000000000000168       0x20 ../Assignment2_bsp/\libhal_bsp.a(altera_avalon_timer_sc.o)
 .debug_aranges
                0x0000000000000188       0x20 ../Assignment2_bsp/\libhal_bsp.a(altera_avalon_uart_fd.o)
 .debug_aranges
                0x00000000000001a8       0x20 ../Assignment2_bsp/\libhal_bsp.a(altera_avalon_uart_init.o)
 .debug_aranges
                0x00000000000001c8       0x20 ../Assignment2_bsp/\libhal_bsp.a(altera_avalon_uart_read.o)
 .debug_aranges
                0x00000000000001e8       0x20 ../Assignment2_bsp/\libhal_bsp.a(altera_avalon_uart_write.o)
 .debug_aranges
                0x0000000000000208       0x20 ../Assignment2_bsp/\libhal_bsp.a(alt_alarm_start.o)
 .debug_aranges
                0x0000000000000228       0x20 ../Assignment2_bsp/\libhal_bsp.a(alt_close.o)
 .debug_aranges
                0x0000000000000248       0x20 ../Assignment2_bsp/\libhal_bsp.a(alt_dcache_flush_all.o)
 .debug_aranges
                0x0000000000000268       0x20 ../Assignment2_bsp/\libhal_bsp.a(alt_dev.o)
 .debug_aranges
                0x0000000000000288       0x20 ../Assignment2_bsp/\libhal_bsp.a(alt_dev_llist_insert.o)
 .debug_aranges
                0x00000000000002a8       0x20 ../Assignment2_bsp/\libhal_bsp.a(alt_do_ctors.o)
 .debug_aranges
                0x00000000000002c8       0x20 ../Assignment2_bsp/\libhal_bsp.a(alt_do_dtors.o)
 .debug_aranges
                0x00000000000002e8       0x18 ../Assignment2_bsp/\libhal_bsp.a(alt_errno.o)
 .debug_aranges
                0x0000000000000300       0x20 ../Assignment2_bsp/\libhal_bsp.a(alt_icache_flush_all.o)
 .debug_aranges
                0x0000000000000320       0x20 ../Assignment2_bsp/\libhal_bsp.a(alt_iic.o)
 .debug_aranges
                0x0000000000000340       0x20 ../Assignment2_bsp/\libhal_bsp.a(alt_iic_isr_register.o)
 .debug_aranges
                0x0000000000000360       0x20 ../Assignment2_bsp/\libhal_bsp.a(alt_io_redirect.o)
 .debug_aranges
                0x0000000000000380       0x30 ../Assignment2_bsp/\libhal_bsp.a(alt_irq_entry.o)
 .debug_aranges
                0x00000000000003b0       0x20 ../Assignment2_bsp/\libhal_bsp.a(alt_irq_handler.o)
 .debug_aranges
                0x00000000000003d0       0x18 ../Assignment2_bsp/\libhal_bsp.a(alt_irq_vars.o)
 .debug_aranges
                0x00000000000003e8       0x20 ../Assignment2_bsp/\libhal_bsp.a(alt_open.o)
 .debug_aranges
                0x0000000000000408       0x20 ../Assignment2_bsp/\libhal_bsp.a(alt_release_fd.o)
 .debug_aranges
                0x0000000000000428       0x20 ../Assignment2_bsp/\libhal_bsp.a(alt_tick.o)
 .debug_aranges
                0x0000000000000448       0x20 ../Assignment2_bsp/\libhal_bsp.a(alt_usleep.o)
 .debug_aranges
                0x0000000000000468       0x20 ../Assignment2_bsp/\libhal_bsp.a(altera_nios2_gen2_irq.o)
 .debug_aranges
                0x0000000000000488       0x20 ../Assignment2_bsp/\libhal_bsp.a(alt_busy_sleep.o)
 .debug_aranges
                0x00000000000004a8       0x38 ../Assignment2_bsp/\libhal_bsp.a(alt_exception_entry.o)
 .debug_aranges
                0x00000000000004e0       0x20 ../Assignment2_bsp/\libhal_bsp.a(alt_find_dev.o)
 .debug_aranges
                0x0000000000000500       0x20 ../Assignment2_bsp/\libhal_bsp.a(alt_find_file.o)
 .debug_aranges
                0x0000000000000520       0x20 ../Assignment2_bsp/\libhal_bsp.a(alt_get_fd.o)
 .debug_aranges
                0x0000000000000540       0x20 ../Assignment2_bsp/\libhal_bsp.a(alt_icache_flush.o)
 .debug_aranges
                0x0000000000000560       0x28 ../Assignment2_bsp/\libhal_bsp.a(alt_instruction_exception_entry.o)
 .debug_aranges
                0x0000000000000588       0x20 c:/intelfpga_lite/18.1/nios2eds/bin/gnu/h-x86_64-mingw32/bin/../lib/gcc/nios2-elf/5.3.0/../../../../../H-x86_64-mingw32/nios2-elf/lib\libc.a(lib_a-atexit.o)
 .debug_aranges
                0x00000000000005a8       0x18 c:/intelfpga_lite/18.1/nios2eds/bin/gnu/h-x86_64-mingw32/bin/../lib/gcc/nios2-elf/5.3.0/../../../../../H-x86_64-mingw32/nios2-elf/lib\libc.a(lib_a-ctype_.o)
 .debug_aranges
                0x00000000000005c0       0x20 c:/intelfpga_lite/18.1/nios2eds/bin/gnu/h-x86_64-mingw32/bin/../lib/gcc/nios2-elf/5.3.0/../../../../../H-x86_64-mingw32/nios2-elf/lib\libc.a(lib_a-exit.o)
 .debug_aranges
                0x00000000000005e0       0x18 c:/intelfpga_lite/18.1/nios2eds/bin/gnu/h-x86_64-mingw32/bin/../lib/gcc/nios2-elf/5.3.0/../../../../../H-x86_64-mingw32/nios2-elf/lib\libc.a(lib_a-impure.o)
 .debug_aranges
                0x00000000000005f8       0x18 c:/intelfpga_lite/18.1/nios2eds/bin/gnu/h-x86_64-mingw32/bin/../lib/gcc/nios2-elf/5.3.0/../../../../../H-x86_64-mingw32/nios2-elf/lib\libc.a(lib_a-int_errno.o)
 .debug_aranges
                0x0000000000000610       0x20 c:/intelfpga_lite/18.1/nios2eds/bin/gnu/h-x86_64-mingw32/bin/../lib/gcc/nios2-elf/5.3.0/../../../../../H-x86_64-mingw32/nios2-elf/lib\libc.a(lib_a-memcmp.o)
 .debug_aranges
                0x0000000000000630       0x20 c:/intelfpga_lite/18.1/nios2eds/bin/gnu/h-x86_64-mingw32/bin/../lib/gcc/nios2-elf/5.3.0/../../../../../H-x86_64-mingw32/nios2-elf/lib\libc.a(lib_a-memcpy.o)
 .debug_aranges
                0x0000000000000650       0x20 c:/intelfpga_lite/18.1/nios2eds/bin/gnu/h-x86_64-mingw32/bin/../lib/gcc/nios2-elf/5.3.0/../../../../../H-x86_64-mingw32/nios2-elf/lib\libc.a(lib_a-memset.o)
 .debug_aranges
                0x0000000000000670       0x20 c:/intelfpga_lite/18.1/nios2eds/bin/gnu/h-x86_64-mingw32/bin/../lib/gcc/nios2-elf/5.3.0/../../../../../H-x86_64-mingw32/nios2-elf/lib\libc.a(lib_a-strlen.o)
 .debug_aranges
                0x0000000000000690       0x20 c:/intelfpga_lite/18.1/nios2eds/bin/gnu/h-x86_64-mingw32/bin/../lib/gcc/nios2-elf/5.3.0/../../../../../H-x86_64-mingw32/nios2-elf/lib\libc.a(lib_a-__atexit.o)
 .debug_aranges
                0x00000000000006b0       0x20 c:/intelfpga_lite/18.1/nios2eds/bin/gnu/h-x86_64-mingw32/bin/../lib/gcc/nios2-elf/5.3.0/../../../../../H-x86_64-mingw32/nios2-elf/lib\libc.a(lib_a-__call_atexit.o)
 .debug_aranges
                0x00000000000006d0       0x20 c:/intelfpga_lite/18.1/nios2eds/bin/gnu/h-x86_64-mingw32/bin/../lib/gcc/nios2-elf/5.3.0\libgcc.a(lib2-divmod.o)
 .debug_aranges
                0x00000000000006f0       0x20 ../Assignment2_bsp/\libhal_bsp.a(alt_exit.o)

.debug_pubnames
 *(.debug_pubnames)

.debug_info     0x0000000000000000     0x9891
 *(.debug_info .gnu.linkonce.wi.*)
 .debug_info    0x0000000000000000       0x81 ../Assignment2_bsp//obj/HAL/src/crt0.o
 .debug_info    0x0000000000000081      0x145 ../Assignment2_bsp/\libhal_bsp.a(alt_load.o)
 .debug_info    0x00000000000001c6      0x131 ../Assignment2_bsp/\libhal_bsp.a(alt_main.o)
 .debug_info    0x00000000000002f7      0x723 ../Assignment2_bsp/\libhal_bsp.a(alt_sys_init.o)
 .debug_info    0x0000000000000a1a      0x52e ../Assignment2_bsp/\libhal_bsp.a(altera_avalon_jtag_uart_fd.o)
 .debug_info    0x0000000000000f48      0x3a0 ../Assignment2_bsp/\libhal_bsp.a(altera_avalon_jtag_uart_init.o)
 .debug_info    0x00000000000012e8      0x280 ../Assignment2_bsp/\libhal_bsp.a(altera_avalon_jtag_uart_ioctl.o)
 .debug_info    0x0000000000001568      0x345 ../Assignment2_bsp/\libhal_bsp.a(altera_avalon_jtag_uart_read.o)
 .debug_info    0x00000000000018ad      0x340 ../Assignment2_bsp/\libhal_bsp.a(altera_avalon_jtag_uart_write.o)
 .debug_info    0x0000000000001bed      0x6d1 ../Assignment2_bsp/\libhal_bsp.a(altera_avalon_lcd_16207.o)
 .debug_info    0x00000000000022be      0x4cc ../Assignment2_bsp/\libhal_bsp.a(altera_avalon_lcd_16207_fd.o)
 .debug_info    0x000000000000278a      0x226 ../Assignment2_bsp/\libhal_bsp.a(altera_avalon_timer_sc.o)
 .debug_info    0x00000000000029b0      0x447 ../Assignment2_bsp/\libhal_bsp.a(altera_avalon_uart_fd.o)
 .debug_info    0x0000000000002df7      0x333 ../Assignment2_bsp/\libhal_bsp.a(altera_avalon_uart_init.o)
 .debug_info    0x000000000000312a      0x319 ../Assignment2_bsp/\libhal_bsp.a(altera_avalon_uart_read.o)
 .debug_info    0x0000000000003443      0x31e ../Assignment2_bsp/\libhal_bsp.a(altera_avalon_uart_write.o)
 .debug_info    0x0000000000003761      0x2cc ../Assignment2_bsp/\libhal_bsp.a(alt_alarm_start.o)
 .debug_info    0x0000000000003a2d      0x321 ../Assignment2_bsp/\libhal_bsp.a(alt_close.o)
 .debug_info    0x0000000000003d4e       0xa5 ../Assignment2_bsp/\libhal_bsp.a(alt_dcache_flush_all.o)
 .debug_info    0x0000000000003df3      0x49c ../Assignment2_bsp/\libhal_bsp.a(alt_dev.o)
 .debug_info    0x000000000000428f      0x1a9 ../Assignment2_bsp/\libhal_bsp.a(alt_dev_llist_insert.o)
 .debug_info    0x0000000000004438       0x83 ../Assignment2_bsp/\libhal_bsp.a(alt_do_ctors.o)
 .debug_info    0x00000000000044bb       0x83 ../Assignment2_bsp/\libhal_bsp.a(alt_do_dtors.o)
 .debug_info    0x000000000000453e       0xa6 ../Assignment2_bsp/\libhal_bsp.a(alt_errno.o)
 .debug_info    0x00000000000045e4       0x92 ../Assignment2_bsp/\libhal_bsp.a(alt_icache_flush_all.o)
 .debug_info    0x0000000000004676      0x350 ../Assignment2_bsp/\libhal_bsp.a(alt_iic.o)
 .debug_info    0x00000000000049c6      0x1ef ../Assignment2_bsp/\libhal_bsp.a(alt_iic_isr_register.o)
 .debug_info    0x0000000000004bb5      0x4a5 ../Assignment2_bsp/\libhal_bsp.a(alt_io_redirect.o)
 .debug_info    0x000000000000505a       0x8a ../Assignment2_bsp/\libhal_bsp.a(alt_irq_entry.o)
 .debug_info    0x00000000000050e4      0x187 ../Assignment2_bsp/\libhal_bsp.a(alt_irq_handler.o)
 .debug_info    0x000000000000526b       0x88 ../Assignment2_bsp/\libhal_bsp.a(alt_irq_vars.o)
 .debug_info    0x00000000000052f3      0x3bb ../Assignment2_bsp/\libhal_bsp.a(alt_open.o)
 .debug_info    0x00000000000056ae      0x2b0 ../Assignment2_bsp/\libhal_bsp.a(alt_release_fd.o)
 .debug_info    0x000000000000595e      0x299 ../Assignment2_bsp/\libhal_bsp.a(alt_tick.o)
 .debug_info    0x0000000000005bf7       0xb0 ../Assignment2_bsp/\libhal_bsp.a(alt_usleep.o)
 .debug_info    0x0000000000005ca7       0x92 ../Assignment2_bsp/\libhal_bsp.a(altera_nios2_gen2_irq.o)
 .debug_info    0x0000000000005d39       0xd7 ../Assignment2_bsp/\libhal_bsp.a(alt_busy_sleep.o)
 .debug_info    0x0000000000005e10       0x90 ../Assignment2_bsp/\libhal_bsp.a(alt_exception_entry.o)
 .debug_info    0x0000000000005ea0      0x2e9 ../Assignment2_bsp/\libhal_bsp.a(alt_find_dev.o)
 .debug_info    0x0000000000006189      0x2e6 ../Assignment2_bsp/\libhal_bsp.a(alt_find_file.o)
 .debug_info    0x000000000000646f      0x310 ../Assignment2_bsp/\libhal_bsp.a(alt_get_fd.o)
 .debug_info    0x000000000000677f       0xdc ../Assignment2_bsp/\libhal_bsp.a(alt_icache_flush.o)
 .debug_info    0x000000000000685b      0x1e7 ../Assignment2_bsp/\libhal_bsp.a(alt_instruction_exception_entry.o)
 .debug_info    0x0000000000006a42       0xfe c:/intelfpga_lite/18.1/nios2eds/bin/gnu/h-x86_64-mingw32/bin/../lib/gcc/nios2-elf/5.3.0/../../../../../H-x86_64-mingw32/nios2-elf/lib\libc.a(lib_a-atexit.o)
 .debug_info    0x0000000000006b40       0x96 c:/intelfpga_lite/18.1/nios2eds/bin/gnu/h-x86_64-mingw32/bin/../lib/gcc/nios2-elf/5.3.0/../../../../../H-x86_64-mingw32/nios2-elf/lib\libc.a(lib_a-ctype_.o)
 .debug_info    0x0000000000006bd6      0x8e4 c:/intelfpga_lite/18.1/nios2eds/bin/gnu/h-x86_64-mingw32/bin/../lib/gcc/nios2-elf/5.3.0/../../../../../H-x86_64-mingw32/nios2-elf/lib\libc.a(lib_a-exit.o)
 .debug_info    0x00000000000074ba      0x8a1 c:/intelfpga_lite/18.1/nios2eds/bin/gnu/h-x86_64-mingw32/bin/../lib/gcc/nios2-elf/5.3.0/../../../../../H-x86_64-mingw32/nios2-elf/lib\libc.a(lib_a-impure.o)
 .debug_info    0x0000000000007d5b       0x8a c:/intelfpga_lite/18.1/nios2eds/bin/gnu/h-x86_64-mingw32/bin/../lib/gcc/nios2-elf/5.3.0/../../../../../H-x86_64-mingw32/nios2-elf/lib\libc.a(lib_a-int_errno.o)
 .debug_info    0x0000000000007de5      0x11a c:/intelfpga_lite/18.1/nios2eds/bin/gnu/h-x86_64-mingw32/bin/../lib/gcc/nios2-elf/5.3.0/../../../../../H-x86_64-mingw32/nios2-elf/lib\libc.a(lib_a-memcmp.o)
 .debug_info    0x0000000000007eff      0x144 c:/intelfpga_lite/18.1/nios2eds/bin/gnu/h-x86_64-mingw32/bin/../lib/gcc/nios2-elf/5.3.0/../../../../../H-x86_64-mingw32/nios2-elf/lib\libc.a(lib_a-memcpy.o)
 .debug_info    0x0000000000008043      0x121 c:/intelfpga_lite/18.1/nios2eds/bin/gnu/h-x86_64-mingw32/bin/../lib/gcc/nios2-elf/5.3.0/../../../../../H-x86_64-mingw32/nios2-elf/lib\libc.a(lib_a-memset.o)
 .debug_info    0x0000000000008164       0xe2 c:/intelfpga_lite/18.1/nios2eds/bin/gnu/h-x86_64-mingw32/bin/../lib/gcc/nios2-elf/5.3.0/../../../../../H-x86_64-mingw32/nios2-elf/lib\libc.a(lib_a-strlen.o)
 .debug_info    0x0000000000008246      0x934 c:/intelfpga_lite/18.1/nios2eds/bin/gnu/h-x86_64-mingw32/bin/../lib/gcc/nios2-elf/5.3.0/../../../../../H-x86_64-mingw32/nios2-elf/lib\libc.a(lib_a-__atexit.o)
 .debug_info    0x0000000000008b7a      0x965 c:/intelfpga_lite/18.1/nios2eds/bin/gnu/h-x86_64-mingw32/bin/../lib/gcc/nios2-elf/5.3.0/../../../../../H-x86_64-mingw32/nios2-elf/lib\libc.a(lib_a-__call_atexit.o)
 .debug_info    0x00000000000094df      0x2c6 c:/intelfpga_lite/18.1/nios2eds/bin/gnu/h-x86_64-mingw32/bin/../lib/gcc/nios2-elf/5.3.0\libgcc.a(lib2-divmod.o)
 .debug_info    0x00000000000097a5       0xec ../Assignment2_bsp/\libhal_bsp.a(alt_exit.o)

.debug_abbrev   0x0000000000000000     0x360f
 *(.debug_abbrev)
 .debug_abbrev  0x0000000000000000       0x12 ../Assignment2_bsp//obj/HAL/src/crt0.o
 .debug_abbrev  0x0000000000000012       0x9f ../Assignment2_bsp/\libhal_bsp.a(alt_load.o)
 .debug_abbrev  0x00000000000000b1       0xba ../Assignment2_bsp/\libhal_bsp.a(alt_main.o)
 .debug_abbrev  0x000000000000016b      0x19f ../Assignment2_bsp/\libhal_bsp.a(alt_sys_init.o)
 .debug_abbrev  0x000000000000030a      0x127 ../Assignment2_bsp/\libhal_bsp.a(altera_avalon_jtag_uart_fd.o)
 .debug_abbrev  0x0000000000000431      0x19e ../Assignment2_bsp/\libhal_bsp.a(altera_avalon_jtag_uart_init.o)
 .debug_abbrev  0x00000000000005cf      0x111 ../Assignment2_bsp/\libhal_bsp.a(altera_avalon_jtag_uart_ioctl.o)
 .debug_abbrev  0x00000000000006e0      0x1aa ../Assignment2_bsp/\libhal_bsp.a(altera_avalon_jtag_uart_read.o)
 .debug_abbrev  0x000000000000088a      0x1a8 ../Assignment2_bsp/\libhal_bsp.a(altera_avalon_jtag_uart_write.o)
 .debug_abbrev  0x0000000000000a32      0x20f ../Assignment2_bsp/\libhal_bsp.a(altera_avalon_lcd_16207.o)
 .debug_abbrev  0x0000000000000c41      0x125 ../Assignment2_bsp/\libhal_bsp.a(altera_avalon_lcd_16207_fd.o)
 .debug_abbrev  0x0000000000000d66      0x155 ../Assignment2_bsp/\libhal_bsp.a(altera_avalon_timer_sc.o)
 .debug_abbrev  0x0000000000000ebb      0x109 ../Assignment2_bsp/\libhal_bsp.a(altera_avalon_uart_fd.o)
 .debug_abbrev  0x0000000000000fc4      0x178 ../Assignment2_bsp/\libhal_bsp.a(altera_avalon_uart_init.o)
 .debug_abbrev  0x000000000000113c      0x183 ../Assignment2_bsp/\libhal_bsp.a(altera_avalon_uart_read.o)
 .debug_abbrev  0x00000000000012bf      0x18a ../Assignment2_bsp/\libhal_bsp.a(altera_avalon_uart_write.o)
 .debug_abbrev  0x0000000000001449      0x162 ../Assignment2_bsp/\libhal_bsp.a(alt_alarm_start.o)
 .debug_abbrev  0x00000000000015ab      0x11f ../Assignment2_bsp/\libhal_bsp.a(alt_close.o)
 .debug_abbrev  0x00000000000016ca       0x5a ../Assignment2_bsp/\libhal_bsp.a(alt_dcache_flush_all.o)
 .debug_abbrev  0x0000000000001724       0xd9 ../Assignment2_bsp/\libhal_bsp.a(alt_dev.o)
 .debug_abbrev  0x00000000000017fd      0x114 ../Assignment2_bsp/\libhal_bsp.a(alt_dev_llist_insert.o)
 .debug_abbrev  0x0000000000001911       0x79 ../Assignment2_bsp/\libhal_bsp.a(alt_do_ctors.o)
 .debug_abbrev  0x000000000000198a       0x79 ../Assignment2_bsp/\libhal_bsp.a(alt_do_dtors.o)
 .debug_abbrev  0x0000000000001a03       0x5a ../Assignment2_bsp/\libhal_bsp.a(alt_errno.o)
 .debug_abbrev  0x0000000000001a5d       0x42 ../Assignment2_bsp/\libhal_bsp.a(alt_icache_flush_all.o)
 .debug_abbrev  0x0000000000001a9f      0x163 ../Assignment2_bsp/\libhal_bsp.a(alt_iic.o)
 .debug_abbrev  0x0000000000001c02      0x169 ../Assignment2_bsp/\libhal_bsp.a(alt_iic_isr_register.o)
 .debug_abbrev  0x0000000000001d6b      0x114 ../Assignment2_bsp/\libhal_bsp.a(alt_io_redirect.o)
 .debug_abbrev  0x0000000000001e7f       0x12 ../Assignment2_bsp/\libhal_bsp.a(alt_irq_entry.o)
 .debug_abbrev  0x0000000000001e91      0x122 ../Assignment2_bsp/\libhal_bsp.a(alt_irq_handler.o)
 .debug_abbrev  0x0000000000001fb3       0x40 ../Assignment2_bsp/\libhal_bsp.a(alt_irq_vars.o)
 .debug_abbrev  0x0000000000001ff3      0x148 ../Assignment2_bsp/\libhal_bsp.a(alt_open.o)
 .debug_abbrev  0x000000000000213b       0xde ../Assignment2_bsp/\libhal_bsp.a(alt_release_fd.o)
 .debug_abbrev  0x0000000000002219      0x15a ../Assignment2_bsp/\libhal_bsp.a(alt_tick.o)
 .debug_abbrev  0x0000000000002373       0x60 ../Assignment2_bsp/\libhal_bsp.a(alt_usleep.o)
 .debug_abbrev  0x00000000000023d3       0x42 ../Assignment2_bsp/\libhal_bsp.a(altera_nios2_gen2_irq.o)
 .debug_abbrev  0x0000000000002415       0x7e ../Assignment2_bsp/\libhal_bsp.a(alt_busy_sleep.o)
 .debug_abbrev  0x0000000000002493       0x12 ../Assignment2_bsp/\libhal_bsp.a(alt_exception_entry.o)
 .debug_abbrev  0x00000000000024a5       0xf0 ../Assignment2_bsp/\libhal_bsp.a(alt_find_dev.o)
 .debug_abbrev  0x0000000000002595       0xf0 ../Assignment2_bsp/\libhal_bsp.a(alt_find_file.o)
 .debug_abbrev  0x0000000000002685      0x10d ../Assignment2_bsp/\libhal_bsp.a(alt_get_fd.o)
 .debug_abbrev  0x0000000000002792       0x8c ../Assignment2_bsp/\libhal_bsp.a(alt_icache_flush.o)
 .debug_abbrev  0x000000000000281e       0xdc ../Assignment2_bsp/\libhal_bsp.a(alt_instruction_exception_entry.o)
 .debug_abbrev  0x00000000000028fa       0xaa c:/intelfpga_lite/18.1/nios2eds/bin/gnu/h-x86_64-mingw32/bin/../lib/gcc/nios2-elf/5.3.0/../../../../../H-x86_64-mingw32/nios2-elf/lib\libc.a(lib_a-atexit.o)
 .debug_abbrev  0x00000000000029a4       0x5d c:/intelfpga_lite/18.1/nios2eds/bin/gnu/h-x86_64-mingw32/bin/../lib/gcc/nios2-elf/5.3.0/../../../../../H-x86_64-mingw32/nios2-elf/lib\libc.a(lib_a-ctype_.o)
 .debug_abbrev  0x0000000000002a01      0x1e5 c:/intelfpga_lite/18.1/nios2eds/bin/gnu/h-x86_64-mingw32/bin/../lib/gcc/nios2-elf/5.3.0/../../../../../H-x86_64-mingw32/nios2-elf/lib\libc.a(lib_a-exit.o)
 .debug_abbrev  0x0000000000002be6      0x18f c:/intelfpga_lite/18.1/nios2eds/bin/gnu/h-x86_64-mingw32/bin/../lib/gcc/nios2-elf/5.3.0/../../../../../H-x86_64-mingw32/nios2-elf/lib\libc.a(lib_a-impure.o)
 .debug_abbrev  0x0000000000002d75       0x37 c:/intelfpga_lite/18.1/nios2eds/bin/gnu/h-x86_64-mingw32/bin/../lib/gcc/nios2-elf/5.3.0/../../../../../H-x86_64-mingw32/nios2-elf/lib\libc.a(lib_a-int_errno.o)
 .debug_abbrev  0x0000000000002dac       0x7f c:/intelfpga_lite/18.1/nios2eds/bin/gnu/h-x86_64-mingw32/bin/../lib/gcc/nios2-elf/5.3.0/../../../../../H-x86_64-mingw32/nios2-elf/lib\libc.a(lib_a-memcmp.o)
 .debug_abbrev  0x0000000000002e2b       0xa3 c:/intelfpga_lite/18.1/nios2eds/bin/gnu/h-x86_64-mingw32/bin/../lib/gcc/nios2-elf/5.3.0/../../../../../H-x86_64-mingw32/nios2-elf/lib\libc.a(lib_a-memcpy.o)
 .debug_abbrev  0x0000000000002ece       0xae c:/intelfpga_lite/18.1/nios2eds/bin/gnu/h-x86_64-mingw32/bin/../lib/gcc/nios2-elf/5.3.0/../../../../../H-x86_64-mingw32/nios2-elf/lib\libc.a(lib_a-memset.o)
 .debug_abbrev  0x0000000000002f7c       0x90 c:/intelfpga_lite/18.1/nios2eds/bin/gnu/h-x86_64-mingw32/bin/../lib/gcc/nios2-elf/5.3.0/../../../../../H-x86_64-mingw32/nios2-elf/lib\libc.a(lib_a-strlen.o)
 .debug_abbrev  0x000000000000300c      0x21e c:/intelfpga_lite/18.1/nios2eds/bin/gnu/h-x86_64-mingw32/bin/../lib/gcc/nios2-elf/5.3.0/../../../../../H-x86_64-mingw32/nios2-elf/lib\libc.a(lib_a-__atexit.o)
 .debug_abbrev  0x000000000000322a      0x22e c:/intelfpga_lite/18.1/nios2eds/bin/gnu/h-x86_64-mingw32/bin/../lib/gcc/nios2-elf/5.3.0/../../../../../H-x86_64-mingw32/nios2-elf/lib\libc.a(lib_a-__call_atexit.o)
 .debug_abbrev  0x0000000000003458      0x10e c:/intelfpga_lite/18.1/nios2eds/bin/gnu/h-x86_64-mingw32/bin/../lib/gcc/nios2-elf/5.3.0\libgcc.a(lib2-divmod.o)
 .debug_abbrev  0x0000000000003566       0xa9 ../Assignment2_bsp/\libhal_bsp.a(alt_exit.o)

.debug_line     0x0000000000000000     0x38f5
 *(.debug_line)
 .debug_line    0x0000000000000000       0x72 ../Assignment2_bsp//obj/HAL/src/crt0.o
 .debug_line    0x0000000000000072       0x8e ../Assignment2_bsp/\libhal_bsp.a(alt_load.o)
 .debug_line    0x0000000000000100       0xa4 ../Assignment2_bsp/\libhal_bsp.a(alt_main.o)
 .debug_line    0x00000000000001a4      0x1c6 ../Assignment2_bsp/\libhal_bsp.a(alt_sys_init.o)
 .debug_line    0x000000000000036a      0x12f ../Assignment2_bsp/\libhal_bsp.a(altera_avalon_jtag_uart_fd.o)
 .debug_line    0x0000000000000499      0x18b ../Assignment2_bsp/\libhal_bsp.a(altera_avalon_jtag_uart_init.o)
 .debug_line    0x0000000000000624      0x131 ../Assignment2_bsp/\libhal_bsp.a(altera_avalon_jtag_uart_ioctl.o)
 .debug_line    0x0000000000000755      0x171 ../Assignment2_bsp/\libhal_bsp.a(altera_avalon_jtag_uart_read.o)
 .debug_line    0x00000000000008c6      0x170 ../Assignment2_bsp/\libhal_bsp.a(altera_avalon_jtag_uart_write.o)
 .debug_line    0x0000000000000a36      0x343 ../Assignment2_bsp/\libhal_bsp.a(altera_avalon_lcd_16207.o)
 .debug_line    0x0000000000000d79      0x119 ../Assignment2_bsp/\libhal_bsp.a(altera_avalon_lcd_16207_fd.o)
 .debug_line    0x0000000000000e92       0xfd ../Assignment2_bsp/\libhal_bsp.a(altera_avalon_timer_sc.o)
 .debug_line    0x0000000000000f8f       0xee ../Assignment2_bsp/\libhal_bsp.a(altera_avalon_uart_fd.o)
 .debug_line    0x000000000000107d      0x18f ../Assignment2_bsp/\libhal_bsp.a(altera_avalon_uart_init.o)
 .debug_line    0x000000000000120c      0x17e ../Assignment2_bsp/\libhal_bsp.a(altera_avalon_uart_read.o)
 .debug_line    0x000000000000138a      0x165 ../Assignment2_bsp/\libhal_bsp.a(altera_avalon_uart_write.o)
 .debug_line    0x00000000000014ef       0xf9 ../Assignment2_bsp/\libhal_bsp.a(alt_alarm_start.o)
 .debug_line    0x00000000000015e8      0x165 ../Assignment2_bsp/\libhal_bsp.a(alt_close.o)
 .debug_line    0x000000000000174d       0x61 ../Assignment2_bsp/\libhal_bsp.a(alt_dcache_flush_all.o)
 .debug_line    0x00000000000017ae       0xf8 ../Assignment2_bsp/\libhal_bsp.a(alt_dev.o)
 .debug_line    0x00000000000018a6       0xcf ../Assignment2_bsp/\libhal_bsp.a(alt_dev_llist_insert.o)
 .debug_line    0x0000000000001975       0x59 ../Assignment2_bsp/\libhal_bsp.a(alt_do_ctors.o)
 .debug_line    0x00000000000019ce       0x59 ../Assignment2_bsp/\libhal_bsp.a(alt_do_dtors.o)
 .debug_line    0x0000000000001a27       0x51 ../Assignment2_bsp/\libhal_bsp.a(alt_errno.o)
 .debug_line    0x0000000000001a78       0x50 ../Assignment2_bsp/\libhal_bsp.a(alt_icache_flush_all.o)
 .debug_line    0x0000000000001ac8       0xeb ../Assignment2_bsp/\libhal_bsp.a(alt_iic.o)
 .debug_line    0x0000000000001bb3       0xdb ../Assignment2_bsp/\libhal_bsp.a(alt_iic_isr_register.o)
 .debug_line    0x0000000000001c8e      0x133 ../Assignment2_bsp/\libhal_bsp.a(alt_io_redirect.o)
 .debug_line    0x0000000000001dc1       0x6b ../Assignment2_bsp/\libhal_bsp.a(alt_irq_entry.o)
 .debug_line    0x0000000000001e2c       0xaa ../Assignment2_bsp/\libhal_bsp.a(alt_irq_handler.o)
 .debug_line    0x0000000000001ed6       0x50 ../Assignment2_bsp/\libhal_bsp.a(alt_irq_vars.o)
 .debug_line    0x0000000000001f26      0x128 ../Assignment2_bsp/\libhal_bsp.a(alt_open.o)
 .debug_line    0x000000000000204e       0xae ../Assignment2_bsp/\libhal_bsp.a(alt_release_fd.o)
 .debug_line    0x00000000000020fc       0xff ../Assignment2_bsp/\libhal_bsp.a(alt_tick.o)
 .debug_line    0x00000000000021fb       0xad ../Assignment2_bsp/\libhal_bsp.a(alt_usleep.o)
 .debug_line    0x00000000000022a8       0x51 ../Assignment2_bsp/\libhal_bsp.a(altera_nios2_gen2_irq.o)
 .debug_line    0x00000000000022f9       0xa0 ../Assignment2_bsp/\libhal_bsp.a(alt_busy_sleep.o)
 .debug_line    0x0000000000002399       0xb3 ../Assignment2_bsp/\libhal_bsp.a(alt_exception_entry.o)
 .debug_line    0x000000000000244c       0xb5 ../Assignment2_bsp/\libhal_bsp.a(alt_find_dev.o)
 .debug_line    0x0000000000002501       0xd1 ../Assignment2_bsp/\libhal_bsp.a(alt_find_file.o)
 .debug_line    0x00000000000025d2       0xd4 ../Assignment2_bsp/\libhal_bsp.a(alt_get_fd.o)
 .debug_line    0x00000000000026a6       0x81 ../Assignment2_bsp/\libhal_bsp.a(alt_icache_flush.o)
 .debug_line    0x0000000000002727       0xba ../Assignment2_bsp/\libhal_bsp.a(alt_instruction_exception_entry.o)
 .debug_line    0x00000000000027e1       0xe4 c:/intelfpga_lite/18.1/nios2eds/bin/gnu/h-x86_64-mingw32/bin/../lib/gcc/nios2-elf/5.3.0/../../../../../H-x86_64-mingw32/nios2-elf/lib\libc.a(lib_a-atexit.o)
 .debug_line    0x00000000000028c5       0xc4 c:/intelfpga_lite/18.1/nios2eds/bin/gnu/h-x86_64-mingw32/bin/../lib/gcc/nios2-elf/5.3.0/../../../../../H-x86_64-mingw32/nios2-elf/lib\libc.a(lib_a-ctype_.o)
 .debug_line    0x0000000000002989      0x1f9 c:/intelfpga_lite/18.1/nios2eds/bin/gnu/h-x86_64-mingw32/bin/../lib/gcc/nios2-elf/5.3.0/../../../../../H-x86_64-mingw32/nios2-elf/lib\libc.a(lib_a-exit.o)
 .debug_line    0x0000000000002b82      0x15d c:/intelfpga_lite/18.1/nios2eds/bin/gnu/h-x86_64-mingw32/bin/../lib/gcc/nios2-elf/5.3.0/../../../../../H-x86_64-mingw32/nios2-elf/lib\libc.a(lib_a-impure.o)
 .debug_line    0x0000000000002cdf       0x5c c:/intelfpga_lite/18.1/nios2eds/bin/gnu/h-x86_64-mingw32/bin/../lib/gcc/nios2-elf/5.3.0/../../../../../H-x86_64-mingw32/nios2-elf/lib\libc.a(lib_a-int_errno.o)
 .debug_line    0x0000000000002d3b      0x173 c:/intelfpga_lite/18.1/nios2eds/bin/gnu/h-x86_64-mingw32/bin/../lib/gcc/nios2-elf/5.3.0/../../../../../H-x86_64-mingw32/nios2-elf/lib\libc.a(lib_a-memcmp.o)
 .debug_line    0x0000000000002eae      0x189 c:/intelfpga_lite/18.1/nios2eds/bin/gnu/h-x86_64-mingw32/bin/../lib/gcc/nios2-elf/5.3.0/../../../../../H-x86_64-mingw32/nios2-elf/lib\libc.a(lib_a-memcpy.o)
 .debug_line    0x0000000000003037      0x18c c:/intelfpga_lite/18.1/nios2eds/bin/gnu/h-x86_64-mingw32/bin/../lib/gcc/nios2-elf/5.3.0/../../../../../H-x86_64-mingw32/nios2-elf/lib\libc.a(lib_a-memset.o)
 .debug_line    0x00000000000031c3      0x16c c:/intelfpga_lite/18.1/nios2eds/bin/gnu/h-x86_64-mingw32/bin/../lib/gcc/nios2-elf/5.3.0/../../../../../H-x86_64-mingw32/nios2-elf/lib\libc.a(lib_a-strlen.o)
 .debug_line    0x000000000000332f      0x21c c:/intelfpga_lite/18.1/nios2eds/bin/gnu/h-x86_64-mingw32/bin/../lib/gcc/nios2-elf/5.3.0/../../../../../H-x86_64-mingw32/nios2-elf/lib\libc.a(lib_a-__atexit.o)
 .debug_line    0x000000000000354b      0x237 c:/intelfpga_lite/18.1/nios2eds/bin/gnu/h-x86_64-mingw32/bin/../lib/gcc/nios2-elf/5.3.0/../../../../../H-x86_64-mingw32/nios2-elf/lib\libc.a(lib_a-__call_atexit.o)
 .debug_line    0x0000000000003782      0x102 c:/intelfpga_lite/18.1/nios2eds/bin/gnu/h-x86_64-mingw32/bin/../lib/gcc/nios2-elf/5.3.0\libgcc.a(lib2-divmod.o)
 .debug_line    0x0000000000003884       0x71 ../Assignment2_bsp/\libhal_bsp.a(alt_exit.o)

.debug_frame    0x0000000000000000      0xf78
 *(.debug_frame)
 .debug_frame   0x0000000000000000       0x5c ../Assignment2_bsp/\libhal_bsp.a(alt_load.o)
 .debug_frame   0x000000000000005c       0x2c ../Assignment2_bsp/\libhal_bsp.a(alt_main.o)
 .debug_frame   0x0000000000000088       0x88 ../Assignment2_bsp/\libhal_bsp.a(alt_sys_init.o)
 .debug_frame   0x0000000000000110       0xb0 ../Assignment2_bsp/\libhal_bsp.a(altera_avalon_jtag_uart_fd.o)
 .debug_frame   0x00000000000001c0       0xa4 ../Assignment2_bsp/\libhal_bsp.a(altera_avalon_jtag_uart_init.o)
 .debug_frame   0x0000000000000264       0x34 ../Assignment2_bsp/\libhal_bsp.a(altera_avalon_jtag_uart_ioctl.o)
 .debug_frame   0x0000000000000298       0x38 ../Assignment2_bsp/\libhal_bsp.a(altera_avalon_jtag_uart_read.o)
 .debug_frame   0x00000000000002d0       0x38 ../Assignment2_bsp/\libhal_bsp.a(altera_avalon_jtag_uart_write.o)
 .debug_frame   0x0000000000000308      0x178 ../Assignment2_bsp/\libhal_bsp.a(altera_avalon_lcd_16207.o)
 .debug_frame   0x0000000000000480       0x38 ../Assignment2_bsp/\libhal_bsp.a(altera_avalon_lcd_16207_fd.o)
 .debug_frame   0x00000000000004b8       0x60 ../Assignment2_bsp/\libhal_bsp.a(altera_avalon_timer_sc.o)
 .debug_frame   0x0000000000000518       0x88 ../Assignment2_bsp/\libhal_bsp.a(altera_avalon_uart_fd.o)
 .debug_frame   0x00000000000005a0       0xcc ../Assignment2_bsp/\libhal_bsp.a(altera_avalon_uart_init.o)
 .debug_frame   0x000000000000066c       0x60 ../Assignment2_bsp/\libhal_bsp.a(altera_avalon_uart_read.o)
 .debug_frame   0x00000000000006cc       0x60 ../Assignment2_bsp/\libhal_bsp.a(altera_avalon_uart_write.o)
 .debug_frame   0x000000000000072c       0x34 ../Assignment2_bsp/\libhal_bsp.a(alt_alarm_start.o)
 .debug_frame   0x0000000000000760       0x60 ../Assignment2_bsp/\libhal_bsp.a(alt_close.o)
 .debug_frame   0x00000000000007c0       0x34 ../Assignment2_bsp/\libhal_bsp.a(alt_dcache_flush_all.o)
 .debug_frame   0x00000000000007f4       0x34 ../Assignment2_bsp/\libhal_bsp.a(alt_dev.o)
 .debug_frame   0x0000000000000828       0x60 ../Assignment2_bsp/\libhal_bsp.a(alt_dev_llist_insert.o)
 .debug_frame   0x0000000000000888       0x38 ../Assignment2_bsp/\libhal_bsp.a(alt_do_ctors.o)
 .debug_frame   0x00000000000008c0       0x38 ../Assignment2_bsp/\libhal_bsp.a(alt_do_dtors.o)
 .debug_frame   0x00000000000008f8       0x38 ../Assignment2_bsp/\libhal_bsp.a(alt_icache_flush_all.o)
 .debug_frame   0x0000000000000930       0xa4 ../Assignment2_bsp/\libhal_bsp.a(alt_iic.o)
 .debug_frame   0x00000000000009d4       0x38 ../Assignment2_bsp/\libhal_bsp.a(alt_iic_isr_register.o)
 .debug_frame   0x0000000000000a0c       0x60 ../Assignment2_bsp/\libhal_bsp.a(alt_io_redirect.o)
 .debug_frame   0x0000000000000a6c       0x38 ../Assignment2_bsp/\libhal_bsp.a(alt_irq_handler.o)
 .debug_frame   0x0000000000000aa4       0x84 ../Assignment2_bsp/\libhal_bsp.a(alt_open.o)
 .debug_frame   0x0000000000000b28       0x34 ../Assignment2_bsp/\libhal_bsp.a(alt_release_fd.o)
 .debug_frame   0x0000000000000b5c       0x5c ../Assignment2_bsp/\libhal_bsp.a(alt_tick.o)
 .debug_frame   0x0000000000000bb8       0x38 ../Assignment2_bsp/\libhal_bsp.a(alt_usleep.o)
 .debug_frame   0x0000000000000bf0       0x34 ../Assignment2_bsp/\libhal_bsp.a(altera_nios2_gen2_irq.o)
 .debug_frame   0x0000000000000c24       0x38 ../Assignment2_bsp/\libhal_bsp.a(alt_busy_sleep.o)
 .debug_frame   0x0000000000000c5c       0x38 ../Assignment2_bsp/\libhal_bsp.a(alt_find_dev.o)
 .debug_frame   0x0000000000000c94       0x38 ../Assignment2_bsp/\libhal_bsp.a(alt_find_file.o)
 .debug_frame   0x0000000000000ccc       0x34 ../Assignment2_bsp/\libhal_bsp.a(alt_get_fd.o)
 .debug_frame   0x0000000000000d00       0x34 ../Assignment2_bsp/\libhal_bsp.a(alt_icache_flush.o)
 .debug_frame   0x0000000000000d34       0x5c ../Assignment2_bsp/\libhal_bsp.a(alt_instruction_exception_entry.o)
 .debug_frame   0x0000000000000d90       0x20 c:/intelfpga_lite/18.1/nios2eds/bin/gnu/h-x86_64-mingw32/bin/../lib/gcc/nios2-elf/5.3.0/../../../../../H-x86_64-mingw32/nios2-elf/lib\libc.a(lib_a-atexit.o)
 .debug_frame   0x0000000000000db0       0x28 c:/intelfpga_lite/18.1/nios2eds/bin/gnu/h-x86_64-mingw32/bin/../lib/gcc/nios2-elf/5.3.0/../../../../../H-x86_64-mingw32/nios2-elf/lib\libc.a(lib_a-exit.o)
 .debug_frame   0x0000000000000dd8       0x20 c:/intelfpga_lite/18.1/nios2eds/bin/gnu/h-x86_64-mingw32/bin/../lib/gcc/nios2-elf/5.3.0/../../../../../H-x86_64-mingw32/nios2-elf/lib\libc.a(lib_a-memcmp.o)
 .debug_frame   0x0000000000000df8       0x38 c:/intelfpga_lite/18.1/nios2eds/bin/gnu/h-x86_64-mingw32/bin/../lib/gcc/nios2-elf/5.3.0/../../../../../H-x86_64-mingw32/nios2-elf/lib\libc.a(lib_a-memcpy.o)
 .debug_frame   0x0000000000000e30       0x20 c:/intelfpga_lite/18.1/nios2eds/bin/gnu/h-x86_64-mingw32/bin/../lib/gcc/nios2-elf/5.3.0/../../../../../H-x86_64-mingw32/nios2-elf/lib\libc.a(lib_a-memset.o)
 .debug_frame   0x0000000000000e50       0x20 c:/intelfpga_lite/18.1/nios2eds/bin/gnu/h-x86_64-mingw32/bin/../lib/gcc/nios2-elf/5.3.0/../../../../../H-x86_64-mingw32/nios2-elf/lib\libc.a(lib_a-strlen.o)
 .debug_frame   0x0000000000000e70       0x38 c:/intelfpga_lite/18.1/nios2eds/bin/gnu/h-x86_64-mingw32/bin/../lib/gcc/nios2-elf/5.3.0/../../../../../H-x86_64-mingw32/nios2-elf/lib\libc.a(lib_a-__atexit.o)
 .debug_frame   0x0000000000000ea8       0x54 c:/intelfpga_lite/18.1/nios2eds/bin/gnu/h-x86_64-mingw32/bin/../lib/gcc/nios2-elf/5.3.0/../../../../../H-x86_64-mingw32/nios2-elf/lib\libc.a(lib_a-__call_atexit.o)
 .debug_frame   0x0000000000000efc       0x50 c:/intelfpga_lite/18.1/nios2eds/bin/gnu/h-x86_64-mingw32/bin/../lib/gcc/nios2-elf/5.3.0\libgcc.a(lib2-divmod.o)
 .debug_frame   0x0000000000000f4c       0x2c ../Assignment2_bsp/\libhal_bsp.a(alt_exit.o)

.debug_str      0x0000000000000000     0x2275
 *(.debug_str)
 .debug_str     0x0000000000000000      0x1e9 ../Assignment2_bsp/\libhal_bsp.a(alt_load.o)
                                        0x222 (size before relaxing)
 .debug_str     0x00000000000001e9       0x70 ../Assignment2_bsp/\libhal_bsp.a(alt_main.o)
                                        0x1ad (size before relaxing)
 .debug_str     0x0000000000000259      0x31b ../Assignment2_bsp/\libhal_bsp.a(alt_sys_init.o)
                                        0x509 (size before relaxing)
 .debug_str     0x0000000000000574       0xb9 ../Assignment2_bsp/\libhal_bsp.a(altera_avalon_jtag_uart_fd.o)
                                        0x3b4 (size before relaxing)
 .debug_str     0x000000000000062d       0xd1 ../Assignment2_bsp/\libhal_bsp.a(altera_avalon_jtag_uart_init.o)
                                        0x348 (size before relaxing)
 .debug_str     0x00000000000006fe       0x4a ../Assignment2_bsp/\libhal_bsp.a(altera_avalon_jtag_uart_ioctl.o)
                                        0x2a3 (size before relaxing)
 .debug_str     0x0000000000000748       0x7f ../Assignment2_bsp/\libhal_bsp.a(altera_avalon_jtag_uart_read.o)
                                        0x2f8 (size before relaxing)
 .debug_str     0x00000000000007c7       0x4a ../Assignment2_bsp/\libhal_bsp.a(altera_avalon_jtag_uart_write.o)
                                        0x2f9 (size before relaxing)
 .debug_str     0x0000000000000811      0x1f9 ../Assignment2_bsp/\libhal_bsp.a(altera_avalon_lcd_16207.o)
                                        0x49f (size before relaxing)
 .debug_str     0x0000000000000a0a       0x4a ../Assignment2_bsp/\libhal_bsp.a(altera_avalon_lcd_16207_fd.o)
                                        0x368 (size before relaxing)
 .debug_str     0x0000000000000a54       0x6d ../Assignment2_bsp/\libhal_bsp.a(altera_avalon_timer_sc.o)
                                        0x25b (size before relaxing)
 .debug_str     0x0000000000000ac1       0x77 ../Assignment2_bsp/\libhal_bsp.a(altera_avalon_uart_fd.o)
                                        0x305 (size before relaxing)
 .debug_str     0x0000000000000b38       0xb1 ../Assignment2_bsp/\libhal_bsp.a(altera_avalon_uart_init.o)
                                        0x2c7 (size before relaxing)
 .debug_str     0x0000000000000be9       0x5d ../Assignment2_bsp/\libhal_bsp.a(altera_avalon_uart_read.o)
                                        0x2a8 (size before relaxing)
 .debug_str     0x0000000000000c46       0x49 ../Assignment2_bsp/\libhal_bsp.a(altera_avalon_uart_write.o)
                                        0x29c (size before relaxing)
 .debug_str     0x0000000000000c8f       0x59 ../Assignment2_bsp/\libhal_bsp.a(alt_alarm_start.o)
                                        0x28e (size before relaxing)
 .debug_str     0x0000000000000ce8       0x2c ../Assignment2_bsp/\libhal_bsp.a(alt_close.o)
                                        0x21b (size before relaxing)
 .debug_str     0x0000000000000d14       0x34 ../Assignment2_bsp/\libhal_bsp.a(alt_dcache_flush_all.o)
                                        0x165 (size before relaxing)
 .debug_str     0x0000000000000d48      0x120 ../Assignment2_bsp/\libhal_bsp.a(alt_dev.o)
                                        0x315 (size before relaxing)
 .debug_str     0x0000000000000e68       0x34 ../Assignment2_bsp/\libhal_bsp.a(alt_dev_llist_insert.o)
                                        0x1dc (size before relaxing)
 .debug_str     0x0000000000000e9c       0x48 ../Assignment2_bsp/\libhal_bsp.a(alt_do_ctors.o)
                                         0xe0 (size before relaxing)
 .debug_str     0x0000000000000ee4       0x4c ../Assignment2_bsp/\libhal_bsp.a(alt_do_dtors.o)
                                         0xdf (size before relaxing)
 .debug_str     0x0000000000000f30       0x14 ../Assignment2_bsp/\libhal_bsp.a(alt_errno.o)
                                        0x155 (size before relaxing)
 .debug_str     0x0000000000000f44       0x34 ../Assignment2_bsp/\libhal_bsp.a(alt_icache_flush_all.o)
                                        0x165 (size before relaxing)
 .debug_str     0x0000000000000f78       0xbd ../Assignment2_bsp/\libhal_bsp.a(alt_iic.o)
                                        0x24e (size before relaxing)
 .debug_str     0x0000000000001035       0x4c ../Assignment2_bsp/\libhal_bsp.a(alt_iic_isr_register.o)
                                        0x1f8 (size before relaxing)
 .debug_str     0x0000000000001081       0x56 ../Assignment2_bsp/\libhal_bsp.a(alt_io_redirect.o)
                                        0x326 (size before relaxing)
 .debug_str     0x00000000000010d7       0x3a ../Assignment2_bsp/\libhal_bsp.a(alt_irq_handler.o)
                                        0x1a7 (size before relaxing)
 .debug_str     0x0000000000001111       0x17 ../Assignment2_bsp/\libhal_bsp.a(alt_irq_vars.o)
                                        0x14a (size before relaxing)
 .debug_str     0x0000000000001128       0x2f ../Assignment2_bsp/\libhal_bsp.a(alt_open.o)
                                        0x25b (size before relaxing)
 .debug_str     0x0000000000001157       0x28 ../Assignment2_bsp/\libhal_bsp.a(alt_release_fd.o)
                                        0x1e3 (size before relaxing)
 .debug_str     0x000000000000117f       0x4a ../Assignment2_bsp/\libhal_bsp.a(alt_tick.o)
                                        0x262 (size before relaxing)
 .debug_str     0x00000000000011c9       0x27 ../Assignment2_bsp/\libhal_bsp.a(alt_usleep.o)
                                        0x158 (size before relaxing)
 .debug_str     0x00000000000011f0       0x3b ../Assignment2_bsp/\libhal_bsp.a(altera_nios2_gen2_irq.o)
                                        0x16c (size before relaxing)
 .debug_str     0x000000000000122b       0x42 ../Assignment2_bsp/\libhal_bsp.a(alt_busy_sleep.o)
                                        0x17b (size before relaxing)
 .debug_str     0x000000000000126d       0x24 ../Assignment2_bsp/\libhal_bsp.a(alt_find_dev.o)
                                        0x1fc (size before relaxing)
 .debug_str     0x0000000000001291       0x26 ../Assignment2_bsp/\libhal_bsp.a(alt_find_file.o)
                                        0x20a (size before relaxing)
 .debug_str     0x00000000000012b7       0x30 ../Assignment2_bsp/\libhal_bsp.a(alt_get_fd.o)
                                        0x22c (size before relaxing)
 .debug_str     0x00000000000012e7       0x2c ../Assignment2_bsp/\libhal_bsp.a(alt_icache_flush.o)
                                        0x16b (size before relaxing)
 .debug_str     0x0000000000001313      0x48b ../Assignment2_bsp/\libhal_bsp.a(alt_instruction_exception_entry.o)
                                        0x5b0 (size before relaxing)
 .debug_str     0x000000000000179e      0x162 c:/intelfpga_lite/18.1/nios2eds/bin/gnu/h-x86_64-mingw32/bin/../lib/gcc/nios2-elf/5.3.0/../../../../../H-x86_64-mingw32/nios2-elf/lib\libc.a(lib_a-atexit.o)
                                        0x207 (size before relaxing)
 .debug_str     0x0000000000001900       0xcd c:/intelfpga_lite/18.1/nios2eds/bin/gnu/h-x86_64-mingw32/bin/../lib/gcc/nios2-elf/5.3.0/../../../../../H-x86_64-mingw32/nios2-elf/lib\libc.a(lib_a-ctype_.o)
                                        0x149 (size before relaxing)
 .debug_str     0x00000000000019cd      0x3ac c:/intelfpga_lite/18.1/nios2eds/bin/gnu/h-x86_64-mingw32/bin/../lib/gcc/nios2-elf/5.3.0/../../../../../H-x86_64-mingw32/nios2-elf/lib\libc.a(lib_a-exit.o)
                                        0x5a4 (size before relaxing)
 .debug_str     0x0000000000001d79       0xc8 c:/intelfpga_lite/18.1/nios2eds/bin/gnu/h-x86_64-mingw32/bin/../lib/gcc/nios2-elf/5.3.0/../../../../../H-x86_64-mingw32/nios2-elf/lib\libc.a(lib_a-impure.o)
                                        0x59b (size before relaxing)
 .debug_str     0x0000000000001e41       0x3c c:/intelfpga_lite/18.1/nios2eds/bin/gnu/h-x86_64-mingw32/bin/../lib/gcc/nios2-elf/5.3.0/../../../../../H-x86_64-mingw32/nios2-elf/lib\libc.a(lib_a-int_errno.o)
                                        0x1c3 (size before relaxing)
 .debug_str     0x0000000000001e7d       0xcc c:/intelfpga_lite/18.1/nios2eds/bin/gnu/h-x86_64-mingw32/bin/../lib/gcc/nios2-elf/5.3.0/../../../../../H-x86_64-mingw32/nios2-elf/lib\libc.a(lib_a-memcmp.o)
                                        0x1ca (size before relaxing)
 .debug_str     0x0000000000001f49       0x68 c:/intelfpga_lite/18.1/nios2eds/bin/gnu/h-x86_64-mingw32/bin/../lib/gcc/nios2-elf/5.3.0/../../../../../H-x86_64-mingw32/nios2-elf/lib\libc.a(lib_a-memcpy.o)
                                        0x1f1 (size before relaxing)
 .debug_str     0x0000000000001fb1       0x4e c:/intelfpga_lite/18.1/nios2eds/bin/gnu/h-x86_64-mingw32/bin/../lib/gcc/nios2-elf/5.3.0/../../../../../H-x86_64-mingw32/nios2-elf/lib\libc.a(lib_a-memset.o)
                                        0x1de (size before relaxing)
 .debug_str     0x0000000000001fff       0x41 c:/intelfpga_lite/18.1/nios2eds/bin/gnu/h-x86_64-mingw32/bin/../lib/gcc/nios2-elf/5.3.0/../../../../../H-x86_64-mingw32/nios2-elf/lib\libc.a(lib_a-strlen.o)
                                        0x1dd (size before relaxing)
 .debug_str     0x0000000000002040       0x3c c:/intelfpga_lite/18.1/nios2eds/bin/gnu/h-x86_64-mingw32/bin/../lib/gcc/nios2-elf/5.3.0/../../../../../H-x86_64-mingw32/nios2-elf/lib\libc.a(lib_a-__atexit.o)
                                        0x5dc (size before relaxing)
 .debug_str     0x000000000000207c       0x62 c:/intelfpga_lite/18.1/nios2eds/bin/gnu/h-x86_64-mingw32/bin/../lib/gcc/nios2-elf/5.3.0/../../../../../H-x86_64-mingw32/nios2-elf/lib\libc.a(lib_a-__call_atexit.o)
                                        0x5c8 (size before relaxing)
 .debug_str     0x00000000000020de      0x16d c:/intelfpga_lite/18.1/nios2eds/bin/gnu/h-x86_64-mingw32/bin/../lib/gcc/nios2-elf/5.3.0\libgcc.a(lib2-divmod.o)
                                        0x1b8 (size before relaxing)
 .debug_str     0x000000000000224b       0x2a ../Assignment2_bsp/\libhal_bsp.a(alt_exit.o)
                                        0x161 (size before relaxing)

.debug_loc      0x0000000000000000      0xde4
 *(.debug_loc)
 .debug_loc     0x0000000000000000       0x2c c:/intelfpga_lite/18.1/nios2eds/bin/gnu/h-x86_64-mingw32/bin/../lib/gcc/nios2-elf/5.3.0/../../../../../H-x86_64-mingw32/nios2-elf/lib\libc.a(lib_a-atexit.o)
 .debug_loc     0x000000000000002c       0x1e c:/intelfpga_lite/18.1/nios2eds/bin/gnu/h-x86_64-mingw32/bin/../lib/gcc/nios2-elf/5.3.0/../../../../../H-x86_64-mingw32/nios2-elf/lib\libc.a(lib_a-exit.o)
 .debug_loc     0x000000000000004a      0x126 c:/intelfpga_lite/18.1/nios2eds/bin/gnu/h-x86_64-mingw32/bin/../lib/gcc/nios2-elf/5.3.0/../../../../../H-x86_64-mingw32/nios2-elf/lib\libc.a(lib_a-memcmp.o)
 .debug_loc     0x0000000000000170      0x266 c:/intelfpga_lite/18.1/nios2eds/bin/gnu/h-x86_64-mingw32/bin/../lib/gcc/nios2-elf/5.3.0/../../../../../H-x86_64-mingw32/nios2-elf/lib\libc.a(lib_a-memcpy.o)
 .debug_loc     0x00000000000003d6      0x1a6 c:/intelfpga_lite/18.1/nios2eds/bin/gnu/h-x86_64-mingw32/bin/../lib/gcc/nios2-elf/5.3.0/../../../../../H-x86_64-mingw32/nios2-elf/lib\libc.a(lib_a-memset.o)
 .debug_loc     0x000000000000057c       0x47 c:/intelfpga_lite/18.1/nios2eds/bin/gnu/h-x86_64-mingw32/bin/../lib/gcc/nios2-elf/5.3.0/../../../../../H-x86_64-mingw32/nios2-elf/lib\libc.a(lib_a-strlen.o)
 .debug_loc     0x00000000000005c3      0x185 c:/intelfpga_lite/18.1/nios2eds/bin/gnu/h-x86_64-mingw32/bin/../lib/gcc/nios2-elf/5.3.0/../../../../../H-x86_64-mingw32/nios2-elf/lib\libc.a(lib_a-__atexit.o)
 .debug_loc     0x0000000000000748      0x1ce c:/intelfpga_lite/18.1/nios2eds/bin/gnu/h-x86_64-mingw32/bin/../lib/gcc/nios2-elf/5.3.0/../../../../../H-x86_64-mingw32/nios2-elf/lib\libc.a(lib_a-__call_atexit.o)
 .debug_loc     0x0000000000000916      0x4ce c:/intelfpga_lite/18.1/nios2eds/bin/gnu/h-x86_64-mingw32/bin/../lib/gcc/nios2-elf/5.3.0\libgcc.a(lib2-divmod.o)

.debug_macinfo
 *(.debug_macinfo)
